{
  "version": "1.5.0",
  "plugins_used": [
    {
      "name": "ArtifactoryDetector"
    },
    {
      "name": "AWSKeyDetector"
    },
    {
      "name": "AzureStorageKeyDetector"
    },
    {
      "name": "Base64HighEntropyString",
      "limit": 4.5
    },
    {
      "name": "BasicAuthDetector"
    },
    {
      "name": "CloudantDetector"
    },
    {
      "name": "DiscordBotTokenDetector"
    },
    {
      "name": "GitHubTokenDetector"
    },
    {
      "name": "GitLabTokenDetector"
    },
    {
      "name": "HexHighEntropyString",
      "limit": 3.0
    },
    {
      "name": "IbmCloudIamDetector"
    },
    {
      "name": "IbmCosHmacDetector"
    },
    {
      "name": "IPPublicDetector"
    },
    {
      "name": "JwtTokenDetector"
    },
    {
      "name": "KeywordDetector",
      "keyword_exclude": ""
    },
    {
      "name": "MailchimpDetector"
    },
    {
      "name": "NpmDetector"
    },
    {
      "name": "OpenAIDetector"
    },
    {
      "name": "PrivateKeyDetector"
    },
    {
      "name": "PypiTokenDetector"
    },
    {
      "name": "SendGridDetector"
    },
    {
      "name": "SlackDetector"
    },
    {
      "name": "SoftlayerDetector"
    },
    {
      "name": "SquareOAuthDetector"
    },
    {
      "name": "StripeDetector"
    },
    {
      "name": "TelegramBotTokenDetector"
    },
    {
      "name": "TwilioKeyDetector"
    }
  ],
  "filters_used": [
    {
      "path": "detect_secrets.filters.allowlist.is_line_allowlisted"
    },
    {
      "path": "detect_secrets.filters.common.is_baseline_file",
      "filename": ".secrets.baseline"
    },
    {
      "path": "detect_secrets.filters.common.is_ignored_due_to_verification_policies",
      "min_level": 2
    },
    {
      "path": "detect_secrets.filters.heuristic.is_indirect_reference"
    },
    {
      "path": "detect_secrets.filters.heuristic.is_likely_id_string"
    },
    {
      "path": "detect_secrets.filters.heuristic.is_lock_file"
    },
    {
      "path": "detect_secrets.filters.heuristic.is_not_alphanumeric_string"
    },
    {
      "path": "detect_secrets.filters.heuristic.is_potential_uuid"
    },
    {
      "path": "detect_secrets.filters.heuristic.is_prefixed_with_dollar_sign"
    },
    {
      "path": "detect_secrets.filters.heuristic.is_sequential_string"
    },
    {
      "path": "detect_secrets.filters.heuristic.is_swagger_file"
    },
    {
      "path": "detect_secrets.filters.heuristic.is_templated_secret"
    },
    {
      "path": "detect_secrets.filters.regex.should_exclude_file",
      "pattern": [
        "\\.git/"
      ]
    }
  ],
  "results": {
    "cli/client/auth/apikey.go": [
      {
        "type": "Secret Keyword",
        "filename": "cli/client/auth/apikey.go",
        "hashed_secret": "bd0cd33f183783219caf2c603df371572a72c764",
        "is_verified": false,
        "line_number": 15
      }
    ],
    "cli/client/auth/register_test.go": [
      {
        "type": "Secret Keyword",
        "filename": "cli/client/auth/register_test.go",
        "hashed_secret": "e5c2f3da905a3990c87a4f58a6d744c9192ac6cc",
        "is_verified": false,
        "line_number": 92
      }
    ],
    "cli/client/generated/control/client.go": [
      {
        "type": "Secret Keyword",
        "filename": "cli/client/generated/control/client.go",
        "hashed_secret": "665b1e3851eefefa3fb878654292f16597d25155",
        "is_verified": false,
        "line_number": 41
      },
      {
        "type": "Secret Keyword",
        "filename": "cli/client/generated/control/client.go",
        "hashed_secret": "36c46a098c7543cc8569553d4a8946bc7df395c9",
        "is_verified": false,
        "line_number": 3720
      },
      {
        "type": "Secret Keyword",
        "filename": "cli/client/generated/control/client.go",
        "hashed_secret": "dc0acf6e95f2dcba19616d63c275e8a749126f89",
        "is_verified": false,
        "line_number": 4927
      },
      {
        "type": "Secret Keyword",
        "filename": "cli/client/generated/control/client.go",
        "hashed_secret": "8cf6cb4d35e002c25f800782aab43af23d9e1f2c",
        "is_verified": false,
        "line_number": 7927
      }
    ],
    "cli/client/generated/control/spec.yaml": [
      {
        "type": "Base64 High Entropy String",
        "filename": "cli/client/generated/control/spec.yaml",
        "hashed_secret": "dee67f5ea3d3b2b47c2c5d5b9f025652b13ec557",
        "is_verified": false,
        "line_number": 4902
      },
      {
        "type": "Secret Keyword",
        "filename": "cli/client/generated/control/spec.yaml",
        "hashed_secret": "5ccd78467ff52d61471c0cf0f32543d0d5d14367",
        "is_verified": false,
        "line_number": 18896
      }
    ],
    "cli/internal/cli/api/admin_providers.go": [
      {
        "type": "Secret Keyword",
        "filename": "cli/internal/cli/api/admin_providers.go",
        "hashed_secret": "e5e9fa1ba31ecd1ae84f75caaa474f3a663f05f4",
        "is_verified": false,
        "line_number": 130
      }
    ],
    "cli/internal/cli/api/identity.go": [
      {
        "type": "Secret Keyword",
        "filename": "cli/internal/cli/api/identity.go",
        "hashed_secret": "5ffe533b830f08a0326348a9160afafc8ada44db",
        "is_verified": false,
        "line_number": 246
      }
    ],
    "cli/internal/cli/api/legacy_store.go": [
      {
        "type": "Secret Keyword",
        "filename": "cli/internal/cli/api/legacy_store.go",
        "hashed_secret": "d4c3d66fd0c38547a3c7a4c6bdc29c36911bc030",
        "is_verified": false,
        "line_number": 38
      },
      {
        "type": "Secret Keyword",
        "filename": "cli/internal/cli/api/legacy_store.go",
        "hashed_secret": "665b1e3851eefefa3fb878654292f16597d25155",
        "is_verified": false,
        "line_number": 42
      }
    ],
    "cli/internal/cli/api/mcp_tools.go": [
      {
        "type": "Secret Keyword",
        "filename": "cli/internal/cli/api/mcp_tools.go",
        "hashed_secret": "5ffe533b830f08a0326348a9160afafc8ada44db",
        "is_verified": false,
        "line_number": 194
      }
    ],
    "cli/internal/cli/cmdcore/apikey.go": [
      {
        "type": "Secret Keyword",
        "filename": "cli/internal/cli/cmdcore/apikey.go",
        "hashed_secret": "bd0cd33f183783219caf2c603df371572a72c764",
        "is_verified": false,
        "line_number": 4
      }
    ],
    "cli/internal/cli/ctlcmd/install_test.go": [
      {
        "type": "Secret Keyword",
        "filename": "cli/internal/cli/ctlcmd/install_test.go",
        "hashed_secret": "489a836ba7d55b691a9614373dfe8d5199d4744b",
        "is_verified": false,
        "line_number": 320
      }
    ],
    "cli/internal/cli/ux/redact_test.go": [
      {
        "type": "Private Key",
        "filename": "cli/internal/cli/ux/redact_test.go",
        "hashed_secret": "1348b145fa1a555461c1b790a2f66614781091e9",
        "is_verified": false,
        "line_number": 115
      },
      {
        "type": "Secret Keyword",
        "filename": "cli/internal/cli/ux/redact_test.go",
        "hashed_secret": "e5e9fa1ba31ecd1ae84f75caaa474f3a663f05f4",
        "is_verified": false,
        "line_number": 124
      }
    ],
    "cli/internal/install/compose_test.go": [
      {
        "type": "Secret Keyword",
        "filename": "cli/internal/install/compose_test.go",
        "hashed_secret": "1a91d62f7ca67399625a4368a6ab5d4a3baa6073",
        "is_verified": false,
        "line_number": 82
      },
      {
        "type": "Secret Keyword",
        "filename": "cli/internal/install/compose_test.go",
        "hashed_secret": "eb405a2ca739b72d0316d90eaf47d74557a0f390",
        "is_verified": false,
        "line_number": 183
      },
      {
        "type": "Secret Keyword",
        "filename": "cli/internal/install/compose_test.go",
        "hashed_secret": "e64763a7ef5d4f57d107d70f44073b95eddc6d67",
        "is_verified": false,
        "line_number": 333
      },
      {
        "type": "Secret Keyword",
        "filename": "cli/internal/install/compose_test.go",
        "hashed_secret": "6f02ac9552a57164ef156808dd01b6e9918932c5",
        "is_verified": false,
        "line_number": 357
      }
    ],
    "cli/internal/install/contracts_test.go": [
      {
        "type": "Secret Keyword",
        "filename": "cli/internal/install/contracts_test.go",
        "hashed_secret": "fd858ef1e811e28a823d60908b38df56e9e359e7",
        "is_verified": false,
        "line_number": 31
      }
    ],
    "cli/internal/install/exposure_test.go": [
      {
        "type": "Secret Keyword",
        "filename": "cli/internal/install/exposure_test.go",
        "hashed_secret": "eb405a2ca739b72d0316d90eaf47d74557a0f390",
        "is_verified": false,
        "line_number": 59
      }
    ],
    "cli/internal/install/render_test.go": [
      {
        "type": "Secret Keyword",
        "filename": "cli/internal/install/render_test.go",
        "hashed_secret": "5530a000e0696af2f05defa12f45933c43252268",
        "is_verified": false,
        "line_number": 123
      }
    ],
    "cli/internal/install/reuse_test.go": [
      {
        "type": "Secret Keyword",
        "filename": "cli/internal/install/reuse_test.go",
        "hashed_secret": "a60b312ed8b801e99f2fcaae0660cfe1fa96750d",
        "is_verified": false,
        "line_number": 130
      },
      {
        "type": "Secret Keyword",
        "filename": "cli/internal/install/reuse_test.go",
        "hashed_secret": "e5e9fa1ba31ecd1ae84f75caaa474f3a663f05f4",
        "is_verified": false,
        "line_number": 324
      },
      {
        "type": "Private Key",
        "filename": "cli/internal/install/reuse_test.go",
        "hashed_secret": "1348b145fa1a555461c1b790a2f66614781091e9",
        "is_verified": false,
        "line_number": 364
      }
    ],
    "cli/internal/install/secrets_test.go": [
      {
        "type": "Secret Keyword",
        "filename": "cli/internal/install/secrets_test.go",
        "hashed_secret": "3e7dd3fa310d191758141a345276fe69187a3f19",
        "is_verified": false,
        "line_number": 43
      },
      {
        "type": "Secret Keyword",
        "filename": "cli/internal/install/secrets_test.go",
        "hashed_secret": "7c45d58d278d8e1b232fa4b135ba9ebe850da4e0",
        "is_verified": false,
        "line_number": 92
      }
    ],
    "config/local.yaml": [
      {
        "type": "Secret Keyword",
        "filename": "config/local.yaml",
        "hashed_secret": "f4bc54cbb2c9169457a70771dcdcf8e75aa816a9",
        "is_verified": false,
        "line_number": 12
      },
      {
        "type": "Secret Keyword",
        "filename": "config/local.yaml",
        "hashed_secret": "ffdbf67b6ec4759c53887c56108efe2ebe67b7bd",
        "is_verified": false,
        "line_number": 19
      },
      {
        "type": "Secret Keyword",
        "filename": "config/local.yaml",
        "hashed_secret": "99075eb0baa8cfda1cae029da06b57b93cc13a31",
        "is_verified": false,
        "line_number": 26
      },
      {
        "type": "Private Key",
        "filename": "config/local.yaml",
        "hashed_secret": "f0778f3e140a61d5bbbed5430773e52af2f5fba4",
        "is_verified": false,
        "line_number": 140
      },
      {
        "type": "Secret Keyword",
        "filename": "config/local.yaml",
        "hashed_secret": "e5e9fa1ba31ecd1ae84f75caaa474f3a663f05f4",
        "is_verified": false,
        "line_number": 154
      }
    ],
    "config/production.yaml.example": [
      {
        "type": "Private Key",
        "filename": "config/production.yaml.example",
        "hashed_secret": "f0778f3e140a61d5bbbed5430773e52af2f5fba4",
        "is_verified": false,
        "line_number": 103
      },
      {
        "type": "Basic Auth Credentials",
        "filename": "config/production.yaml.example",
        "hashed_secret": "9d4e1e23bd5b727046a9e3b4b7db57bd8d6ee684",
        "is_verified": false,
        "line_number": 186
      }
    ],
    "deploy/helm/jentic-one/charts/postgresql/templates/statefulset.yaml": [
      {
        "type": "Secret Keyword",
        "filename": "deploy/helm/jentic-one/charts/postgresql/templates/statefulset.yaml",
        "hashed_secret": "f822a822b7fafd6d0602f092314a69a9ea53719c",
        "is_verified": false,
        "line_number": 40
      },
      {
        "type": "Secret Keyword",
        "filename": "deploy/helm/jentic-one/charts/postgresql/templates/statefulset.yaml",
        "hashed_secret": "6bd06ba0ed7be869427a1cfdf397439ac011836b",
        "is_verified": false,
        "line_number": 64
      }
    ],
    "deploy/helm/jentic-one/templates/app-secrets.yaml": [
      {
        "type": "Secret Keyword",
        "filename": "deploy/helm/jentic-one/templates/app-secrets.yaml",
        "hashed_secret": "3d0d7ebc7f1293ec4d45182549bd58683bf4b2ab",
        "is_verified": false,
        "line_number": 13
      },
      {
        "type": "Secret Keyword",
        "filename": "deploy/helm/jentic-one/templates/app-secrets.yaml",
        "hashed_secret": "26ca17f7027a455235b85b36bf4dbf932a3658b6",
        "is_verified": false,
        "line_number": 19
      },
      {
        "type": "Secret Keyword",
        "filename": "deploy/helm/jentic-one/templates/app-secrets.yaml",
        "hashed_secret": "3c217de54ff4c7cc71f8291fe170ee3520f9b86b",
        "is_verified": false,
        "line_number": 114
      }
    ],
    "deploy/helm/observability/values.yaml": [
      {
        "type": "Secret Keyword",
        "filename": "deploy/helm/observability/values.yaml",
        "hashed_secret": "d033e22ae348aeb5660fc2140aec35850c4da997",
        "is_verified": false,
        "line_number": 13
      }
    ],
    "deploy/helm/values/local-broker.yaml": [
      {
        "type": "Secret Keyword",
        "filename": "deploy/helm/values/local-broker.yaml",
        "hashed_secret": "afc848c316af1a89d49826c5ae9d00ed769415f3",
        "is_verified": false,
        "line_number": 50
      }
    ],
    "deploy/helm/values/local-combined.yaml": [
      {
        "type": "Secret Keyword",
        "filename": "deploy/helm/values/local-combined.yaml",
        "hashed_secret": "afc848c316af1a89d49826c5ae9d00ed769415f3",
        "is_verified": false,
        "line_number": 103
      }
    ],
    "deploy/helm/values/local-parts.yaml": [
      {
        "type": "Secret Keyword",
        "filename": "deploy/helm/values/local-parts.yaml",
        "hashed_secret": "afc848c316af1a89d49826c5ae9d00ed769415f3",
        "is_verified": false,
        "line_number": 120
      }
    ],
    "docker/local-setup/docker-compose.yaml": [
      {
        "type": "Secret Keyword",
        "filename": "docker/local-setup/docker-compose.yaml",
        "hashed_secret": "afc848c316af1a89d49826c5ae9d00ed769415f3",
        "is_verified": false,
        "line_number": 7
      }
    ],
    "docker/local-setup/init-schemas.sql": [
      {
        "type": "Secret Keyword",
        "filename": "docker/local-setup/init-schemas.sql",
        "hashed_secret": "f4bc54cbb2c9169457a70771dcdcf8e75aa816a9",
        "is_verified": false,
        "line_number": 11
      },
      {
        "type": "Secret Keyword",
        "filename": "docker/local-setup/init-schemas.sql",
        "hashed_secret": "ffdbf67b6ec4759c53887c56108efe2ebe67b7bd",
        "is_verified": false,
        "line_number": 12
      },
      {
        "type": "Secret Keyword",
        "filename": "docker/local-setup/init-schemas.sql",
        "hashed_secret": "99075eb0baa8cfda1cae029da06b57b93cc13a31",
        "is_verified": false,
        "line_number": 13
      },
      {
        "type": "Secret Keyword",
        "filename": "docker/local-setup/init-schemas.sql",
        "hashed_secret": "210cbe3d21b1c88069f9fb0e1e6621afc03aa2e0",
        "is_verified": false,
        "line_number": 44
      }
    ],
    "docs/agent/install.md": [
      {
        "type": "Secret Keyword",
        "filename": "docs/agent/install.md",
        "hashed_secret": "b94b2985065aeb5bdf748338e28e7772be804338",
        "is_verified": false,
        "line_number": 262
      }
    ],
    "docs/installation/docker.md": [
      {
        "type": "Private Key",
        "filename": "docs/installation/docker.md",
        "hashed_secret": "f0778f3e140a61d5bbbed5430773e52af2f5fba4",
        "is_verified": false,
        "line_number": 191
      }
    ],
    "openapi/control/control.openapi.yaml": [
      {
        "type": "Base64 High Entropy String",
        "filename": "openapi/control/control.openapi.yaml",
        "hashed_secret": "dee67f5ea3d3b2b47c2c5d5b9f025652b13ec557",
        "is_verified": false,
        "line_number": 4902
      },
      {
        "type": "Secret Keyword",
        "filename": "openapi/control/control.openapi.yaml",
        "hashed_secret": "5ccd78467ff52d61471c0cf0f32543d0d5d14367",
        "is_verified": false,
        "line_number": 18896
      }
    ],
    "release-please-config.json": [
      {
        "type": "Hex High Entropy String",
        "filename": "release-please-config.json",
        "hashed_secret": "56e68a94ea187933463e68fdffe946afee3ba0b9",
        "is_verified": false,
        "line_number": 4
      }
    ],
    "scripts/flywheel_manual.py": [
      {
        "type": "Secret Keyword",
        "filename": "scripts/flywheel_manual.py",
        "hashed_secret": "fa826227f569cc5bde479bac89924ac67fa6d687",
        "is_verified": false,
        "line_number": 55
      }
    ],
    "src/jentic_one/auth/services/crypto.py": [
      {
        "type": "Secret Keyword",
        "filename": "src/jentic_one/auth/services/crypto.py",
        "hashed_secret": "553cdc5a516581163676191d9be38662a715c90e",
        "is_verified": false,
        "line_number": 11
      },
      {
        "type": "Secret Keyword",
        "filename": "src/jentic_one/auth/services/crypto.py",
        "hashed_secret": "bd0cd33f183783219caf2c603df371572a72c764",
        "is_verified": false,
        "line_number": 12
      }
    ],
    "src/jentic_one/control/services/service_account_migration.py": [
      {
        "type": "Secret Keyword",
        "filename": "src/jentic_one/control/services/service_account_migration.py",
        "hashed_secret": "c6cf3dabd259d6c86300caaccfd2e3d97020cf76",
        "is_verified": false,
        "line_number": 115
      }
    ],
    "src/jentic_one/migrations/admin/versions/24852503fc19_add_agent_credentials.py": [
      {
        "type": "Hex High Entropy String",
        "filename": "src/jentic_one/migrations/admin/versions/24852503fc19_add_agent_credentials.py",
        "hashed_secret": "b79fc3a6f26e3d7695a53470ef1a2b67499ef771",
        "is_verified": false,
        "line_number": 17
      }
    ],
    "src/jentic_one/migrations/admin/versions/5c42e921d74b_add_jobs_table.py": [
      {
        "type": "Hex High Entropy String",
        "filename": "src/jentic_one/migrations/admin/versions/5c42e921d74b_add_jobs_table.py",
        "hashed_secret": "c248e696f3330c02d5130beb067ab9efef4c1d2b",
        "is_verified": false,
        "line_number": 16
      }
    ],
    "src/jentic_one/migrations/admin/versions/a1b2c3d4e5f6_add_audit_entries_table.py": [
      {
        "type": "Hex High Entropy String",
        "filename": "src/jentic_one/migrations/admin/versions/a1b2c3d4e5f6_add_audit_entries_table.py",
        "hashed_secret": "ef678205593788329ff416ce5c65fa04f33a05bd",
        "is_verified": false,
        "line_number": 16
      },
      {
        "type": "Hex High Entropy String",
        "filename": "src/jentic_one/migrations/admin/versions/a1b2c3d4e5f6_add_audit_entries_table.py",
        "hashed_secret": "c248e696f3330c02d5130beb067ab9efef4c1d2b",
        "is_verified": false,
        "line_number": 17
      }
    ],
    "src/jentic_one/migrations/admin/versions/a6b7c8d9e0f1_reconcile_jobs_add_job_results.py": [
      {
        "type": "Hex High Entropy String",
        "filename": "src/jentic_one/migrations/admin/versions/a6b7c8d9e0f1_reconcile_jobs_add_job_results.py",
        "hashed_secret": "2c1ebf1c053885e7a9120a4568fe1d0fc1410d10",
        "is_verified": false,
        "line_number": 16
      },
      {
        "type": "Hex High Entropy String",
        "filename": "src/jentic_one/migrations/admin/versions/a6b7c8d9e0f1_reconcile_jobs_add_job_results.py",
        "hashed_secret": "f5c78c30b92e06ec4a59cb0e653225254bbd5ece",
        "is_verified": false,
        "line_number": 17
      }
    ],
    "src/jentic_one/migrations/admin/versions/a7b8c9d0e1f2_execution_records_toolkit_id_nullable.py": [
      {
        "type": "Hex High Entropy String",
        "filename": "src/jentic_one/migrations/admin/versions/a7b8c9d0e1f2_execution_records_toolkit_id_nullable.py",
        "hashed_secret": "84fd72911f75338c519968102b65251177d6c5f1",
        "is_verified": false,
        "line_number": 24
      },
      {
        "type": "Hex High Entropy String",
        "filename": "src/jentic_one/migrations/admin/versions/a7b8c9d0e1f2_execution_records_toolkit_id_nullable.py",
        "hashed_secret": "2d40811ded1703d949aca3c40d77175a5c568c05",
        "is_verified": false,
        "line_number": 25
      }
    ],
    "src/jentic_one/migrations/admin/versions/aa6b7c8d9e0f_add_oauth_clients.py": [
      {
        "type": "Hex High Entropy String",
        "filename": "src/jentic_one/migrations/admin/versions/aa6b7c8d9e0f_add_oauth_clients.py",
        "hashed_secret": "87ccd9348def4978d2ffce5ec153531ec405c5e1",
        "is_verified": false,
        "line_number": 20
      },
      {
        "type": "Hex High Entropy String",
        "filename": "src/jentic_one/migrations/admin/versions/aa6b7c8d9e0f_add_oauth_clients.py",
        "hashed_secret": "9b094435d625c9385a1bb083604f87fa7c225da0",
        "is_verified": false,
        "line_number": 21
      }
    ],
    "src/jentic_one/migrations/admin/versions/b1c2d3e4f5a6_align_shared_enums.py": [
      {
        "type": "Hex High Entropy String",
        "filename": "src/jentic_one/migrations/admin/versions/b1c2d3e4f5a6_align_shared_enums.py",
        "hashed_secret": "67e71f59c479818d8d271427edeaee49eae77ffe",
        "is_verified": false,
        "line_number": 14
      },
      {
        "type": "Hex High Entropy String",
        "filename": "src/jentic_one/migrations/admin/versions/b1c2d3e4f5a6_align_shared_enums.py",
        "hashed_secret": "ef678205593788329ff416ce5c65fa04f33a05bd",
        "is_verified": false,
        "line_number": 15
      }
    ],
    "src/jentic_one/migrations/admin/versions/b7c8d9e0f1a2_add_oauth_client_public_and_approval_columns.py": [
      {
        "type": "Hex High Entropy String",
        "filename": "src/jentic_one/migrations/admin/versions/b7c8d9e0f1a2_add_oauth_client_public_and_approval_columns.py",
        "hashed_secret": "22b519bd50a34e1bcba48ddadc18575b108a8404",
        "is_verified": false,
        "line_number": 38
      },
      {
        "type": "Hex High Entropy String",
        "filename": "src/jentic_one/migrations/admin/versions/b7c8d9e0f1a2_add_oauth_client_public_and_approval_columns.py",
        "hashed_secret": "39f8d27c686d73be5fe92ba239bae558b0355807",
        "is_verified": false,
        "line_number": 39
      }
    ],
    "src/jentic_one/migrations/admin/versions/c2d3e4f5a6b7_add_users_secrets_invites.py": [
      {
        "type": "Hex High Entropy String",
        "filename": "src/jentic_one/migrations/admin/versions/c2d3e4f5a6b7_add_users_secrets_invites.py",
        "hashed_secret": "a25d3ab3a62142e06a5940fb9eac04c77bec7919",
        "is_verified": false,
        "line_number": 14
      },
      {
        "type": "Hex High Entropy String",
        "filename": "src/jentic_one/migrations/admin/versions/c2d3e4f5a6b7_add_users_secrets_invites.py",
        "hashed_secret": "67e71f59c479818d8d271427edeaee49eae77ffe",
        "is_verified": false,
        "line_number": 15
      }
    ],
    "src/jentic_one/migrations/admin/versions/c8d9e0f1a2b3_add_oauth_client_grants.py": [
      {
        "type": "Hex High Entropy String",
        "filename": "src/jentic_one/migrations/admin/versions/c8d9e0f1a2b3_add_oauth_client_grants.py",
        "hashed_secret": "0df12c8f0f5a431d83f44b6ac82b09b8aad53590",
        "is_verified": false,
        "line_number": 32
      },
      {
        "type": "Hex High Entropy String",
        "filename": "src/jentic_one/migrations/admin/versions/c8d9e0f1a2b3_add_oauth_client_grants.py",
        "hashed_secret": "22b519bd50a34e1bcba48ddadc18575b108a8404",
        "is_verified": false,
        "line_number": 33
      }
    ],
    "src/jentic_one/migrations/admin/versions/d3e4f5a6b7c8_add_user_permission_grants.py": [
      {
        "type": "Hex High Entropy String",
        "filename": "src/jentic_one/migrations/admin/versions/d3e4f5a6b7c8_add_user_permission_grants.py",
        "hashed_secret": "dcef2ed5c987677807031f50f5b15aee0527dfd3",
        "is_verified": false,
        "line_number": 14
      },
      {
        "type": "Hex High Entropy String",
        "filename": "src/jentic_one/migrations/admin/versions/d3e4f5a6b7c8_add_user_permission_grants.py",
        "hashed_secret": "a25d3ab3a62142e06a5940fb9eac04c77bec7919",
        "is_verified": false,
        "line_number": 15
      }
    ],
    "src/jentic_one/migrations/admin/versions/d9e0f1a2b3c4_add_agent_credential_bindings.py": [
      {
        "type": "Hex High Entropy String",
        "filename": "src/jentic_one/migrations/admin/versions/d9e0f1a2b3c4_add_agent_credential_bindings.py",
        "hashed_secret": "45fc9ab5f41816c6979df8bc85ffdc160a0e696a",
        "is_verified": false,
        "line_number": 20
      },
      {
        "type": "Hex High Entropy String",
        "filename": "src/jentic_one/migrations/admin/versions/d9e0f1a2b3c4_add_agent_credential_bindings.py",
        "hashed_secret": "0df12c8f0f5a431d83f44b6ac82b09b8aad53590",
        "is_verified": false,
        "line_number": 21
      }
    ],
    "src/jentic_one/migrations/admin/versions/e4f5a6b7c8d9_add_execution_records.py": [
      {
        "type": "Hex High Entropy String",
        "filename": "src/jentic_one/migrations/admin/versions/e4f5a6b7c8d9_add_execution_records.py",
        "hashed_secret": "352ca37d32189c412e3b8da658f206cbc086c427",
        "is_verified": false,
        "line_number": 16
      },
      {
        "type": "Hex High Entropy String",
        "filename": "src/jentic_one/migrations/admin/versions/e4f5a6b7c8d9_add_execution_records.py",
        "hashed_secret": "dcef2ed5c987677807031f50f5b15aee0527dfd3",
        "is_verified": false,
        "line_number": 17
      }
    ],
    "src/jentic_one/migrations/admin/versions/f1a2b3c4d5e6_add_binding_suspended.py": [
      {
        "type": "Hex High Entropy String",
        "filename": "src/jentic_one/migrations/admin/versions/f1a2b3c4d5e6_add_binding_suspended.py",
        "hashed_secret": "2d40811ded1703d949aca3c40d77175a5c568c05",
        "is_verified": false,
        "line_number": 20
      },
      {
        "type": "Hex High Entropy String",
        "filename": "src/jentic_one/migrations/admin/versions/f1a2b3c4d5e6_add_binding_suspended.py",
        "hashed_secret": "45fc9ab5f41816c6979df8bc85ffdc160a0e696a",
        "is_verified": false,
        "line_number": 21
      }
    ],
    "src/jentic_one/migrations/admin/versions/f2a3b4c5d6e7_add_mcp_session_started_dedup_index.py": [
      {
        "type": "Hex High Entropy String",
        "filename": "src/jentic_one/migrations/admin/versions/f2a3b4c5d6e7_add_mcp_session_started_dedup_index.py",
        "hashed_secret": "39f8d27c686d73be5fe92ba239bae558b0355807",
        "is_verified": false,
        "line_number": 26
      },
      {
        "type": "Hex High Entropy String",
        "filename": "src/jentic_one/migrations/admin/versions/f2a3b4c5d6e7_add_mcp_session_started_dedup_index.py",
        "hashed_secret": "87ccd9348def4978d2ffce5ec153531ec405c5e1",
        "is_verified": false,
        "line_number": 27
      }
    ],
    "src/jentic_one/migrations/admin/versions/f5a6b7c8d9e0_add_events.py": [
      {
        "type": "Hex High Entropy String",
        "filename": "src/jentic_one/migrations/admin/versions/f5a6b7c8d9e0_add_events.py",
        "hashed_secret": "f5c78c30b92e06ec4a59cb0e653225254bbd5ece",
        "is_verified": false,
        "line_number": 16
      },
      {
        "type": "Hex High Entropy String",
        "filename": "src/jentic_one/migrations/admin/versions/f5a6b7c8d9e0_add_events.py",
        "hashed_secret": "352ca37d32189c412e3b8da658f206cbc086c427",
        "is_verified": false,
        "line_number": 17
      }
    ],
    "src/jentic_one/migrations/admin/versions/g6h7i8j9k0l1_add_content_type_to_job_results.py": [
      {
        "type": "Hex High Entropy String",
        "filename": "src/jentic_one/migrations/admin/versions/g6h7i8j9k0l1_add_content_type_to_job_results.py",
        "hashed_secret": "2c1ebf1c053885e7a9120a4568fe1d0fc1410d10",
        "is_verified": false,
        "line_number": 15
      }
    ],
    "src/jentic_one/migrations/control/versions/a1b2c3d4e5f6_add_provider_columns_to_credentials.py": [
      {
        "type": "Hex High Entropy String",
        "filename": "src/jentic_one/migrations/control/versions/a1b2c3d4e5f6_add_provider_columns_to_credentials.py",
        "hashed_secret": "ef678205593788329ff416ce5c65fa04f33a05bd",
        "is_verified": false,
        "line_number": 14
      },
      {
        "type": "Hex High Entropy String",
        "filename": "src/jentic_one/migrations/control/versions/a1b2c3d4e5f6_add_provider_columns_to_credentials.py",
        "hashed_secret": "0c7f948399177c197feecedf6b2fcd1122317331",
        "is_verified": false,
        "line_number": 15
      }
    ],
    "src/jentic_one/migrations/control/versions/a2b3c4d5e6f7_add_access_request_tables.py": [
      {
        "type": "Hex High Entropy String",
        "filename": "src/jentic_one/migrations/control/versions/a2b3c4d5e6f7_add_access_request_tables.py",
        "hashed_secret": "9613249fb063050a0474a5805cb101e071431641",
        "is_verified": false,
        "line_number": 14
      },
      {
        "type": "Hex High Entropy String",
        "filename": "src/jentic_one/migrations/control/versions/a2b3c4d5e6f7_add_access_request_tables.py",
        "hashed_secret": "114ce0187cbf757a4a9912a4200b4d2c7d6c1d69",
        "is_verified": false,
        "line_number": 15
      }
    ],
    "src/jentic_one/migrations/control/versions/a8b9c0d1e2f3_make_created_by_nullable.py": [
      {
        "type": "Hex High Entropy String",
        "filename": "src/jentic_one/migrations/control/versions/a8b9c0d1e2f3_make_created_by_nullable.py",
        "hashed_secret": "114ce0187cbf757a4a9912a4200b4d2c7d6c1d69",
        "is_verified": false,
        "line_number": 18
      },
      {
        "type": "Hex High Entropy String",
        "filename": "src/jentic_one/migrations/control/versions/a8b9c0d1e2f3_make_created_by_nullable.py",
        "hashed_secret": "40bd65fc091a4c7bda4c08f08fab76c42ddfcab9",
        "is_verified": false,
        "line_number": 19
      }
    ],
    "src/jentic_one/migrations/control/versions/b2c3d4e5f6a7_add_credential_previews.py": [
      {
        "type": "Hex High Entropy String",
        "filename": "src/jentic_one/migrations/control/versions/b2c3d4e5f6a7_add_credential_previews.py",
        "hashed_secret": "7277847a690bab70c1fbc5ab8eddbbcecdad996c",
        "is_verified": false,
        "line_number": 14
      },
      {
        "type": "Hex High Entropy String",
        "filename": "src/jentic_one/migrations/control/versions/b2c3d4e5f6a7_add_credential_previews.py",
        "hashed_secret": "ef678205593788329ff416ce5c65fa04f33a05bd",
        "is_verified": false,
        "line_number": 15
      }
    ],
    "src/jentic_one/migrations/control/versions/c3d4e5f6a7b8_add_authorize_url_to_oauth_client_credentials.py": [
      {
        "type": "Hex High Entropy String",
        "filename": "src/jentic_one/migrations/control/versions/c3d4e5f6a7b8_add_authorize_url_to_oauth_client_credentials.py",
        "hashed_secret": "5f54b82127fdf5d4704c3fa47ea6efb79f16f243",
        "is_verified": false,
        "line_number": 14
      },
      {
        "type": "Hex High Entropy String",
        "filename": "src/jentic_one/migrations/control/versions/c3d4e5f6a7b8_add_authorize_url_to_oauth_client_credentials.py",
        "hashed_secret": "7277847a690bab70c1fbc5ab8eddbbcecdad996c",
        "is_verified": false,
        "line_number": 15
      }
    ],
    "src/jentic_one/migrations/control/versions/d4e5f6a7b8c9_add_connect_state_nonces_table.py": [
      {
        "type": "Hex High Entropy String",
        "filename": "src/jentic_one/migrations/control/versions/d4e5f6a7b8c9_add_connect_state_nonces_table.py",
        "hashed_secret": "9d7711abfa1f07e829f8ffd195f6679b8327ecf7",
        "is_verified": false,
        "line_number": 14
      },
      {
        "type": "Hex High Entropy String",
        "filename": "src/jentic_one/migrations/control/versions/d4e5f6a7b8c9_add_connect_state_nonces_table.py",
        "hashed_secret": "5f54b82127fdf5d4704c3fa47ea6efb79f16f243",
        "is_verified": false,
        "line_number": 15
      }
    ],
    "src/jentic_one/migrations/control/versions/e5f6a7b8c9d0_add_location_field_name_to_customer_api_keys.py": [
      {
        "type": "Hex High Entropy String",
        "filename": "src/jentic_one/migrations/control/versions/e5f6a7b8c9d0_add_location_field_name_to_customer_api_keys.py",
        "hashed_secret": "5b8b7a611fb4d5665c9e428bee5e92a383344fd4",
        "is_verified": false,
        "line_number": 14
      },
      {
        "type": "Hex High Entropy String",
        "filename": "src/jentic_one/migrations/control/versions/e5f6a7b8c9d0_add_location_field_name_to_customer_api_keys.py",
        "hashed_secret": "9d7711abfa1f07e829f8ffd195f6679b8327ecf7",
        "is_verified": false,
        "line_number": 15
      }
    ],
    "src/jentic_one/migrations/control/versions/f7a8b9c0d1e2_add_toolkit_tables.py": [
      {
        "type": "Hex High Entropy String",
        "filename": "src/jentic_one/migrations/control/versions/f7a8b9c0d1e2_add_toolkit_tables.py",
        "hashed_secret": "40bd65fc091a4c7bda4c08f08fab76c42ddfcab9",
        "is_verified": false,
        "line_number": 14
      },
      {
        "type": "Hex High Entropy String",
        "filename": "src/jentic_one/migrations/control/versions/f7a8b9c0d1e2_add_toolkit_tables.py",
        "hashed_secret": "5b8b7a611fb4d5665c9e428bee5e92a383344fd4",
        "is_verified": false,
        "line_number": 15
      }
    ],
    "src/jentic_one/migrations/control/versions/g8b9c0d1e2f3_add_server_variables_to_credentials.py": [
      {
        "type": "Hex High Entropy String",
        "filename": "src/jentic_one/migrations/control/versions/g8b9c0d1e2f3_add_server_variables_to_credentials.py",
        "hashed_secret": "9613249fb063050a0474a5805cb101e071431641",
        "is_verified": false,
        "line_number": 15
      }
    ],
    "src/jentic_one/migrations/registry/versions/a0b1c2d3e4f5_change_overlays_id_to_ksuid.py": [
      {
        "type": "Hex High Entropy String",
        "filename": "src/jentic_one/migrations/registry/versions/a0b1c2d3e4f5_change_overlays_id_to_ksuid.py",
        "hashed_secret": "53034143501b2edbc54146ea08e236a9c6898855",
        "is_verified": false,
        "line_number": 16
      },
      {
        "type": "Hex High Entropy String",
        "filename": "src/jentic_one/migrations/registry/versions/a0b1c2d3e4f5_change_overlays_id_to_ksuid.py",
        "hashed_secret": "81b9ca8522e88e586b5db203d3135d5e5a1e6e4d",
        "is_verified": false,
        "line_number": 17
      }
    ],
    "src/jentic_one/migrations/registry/versions/a1b2c3d4e5f6_add_registry_tables.py": [
      {
        "type": "Hex High Entropy String",
        "filename": "src/jentic_one/migrations/registry/versions/a1b2c3d4e5f6_add_registry_tables.py",
        "hashed_secret": "ef678205593788329ff416ce5c65fa04f33a05bd",
        "is_verified": false,
        "line_number": 16
      }
    ],
    "src/jentic_one/migrations/registry/versions/a1b2c3d4e5f7_add_imported_state_and_origin.py": [
      {
        "type": "Hex High Entropy String",
        "filename": "src/jentic_one/migrations/registry/versions/a1b2c3d4e5f7_add_imported_state_and_origin.py",
        "hashed_secret": "ca9fdd2f6c947ef15fe6c6e0bb3b1623d41c066a",
        "is_verified": false,
        "line_number": 14
      },
      {
        "type": "Hex High Entropy String",
        "filename": "src/jentic_one/migrations/registry/versions/a1b2c3d4e5f7_add_imported_state_and_origin.py",
        "hashed_secret": "67e71f59c479818d8d271427edeaee49eae77ffe",
        "is_verified": false,
        "line_number": 15
      }
    ],
    "src/jentic_one/migrations/registry/versions/a2b3c4d5e6f7_add_superseded_revision_id_to_overlays.py": [
      {
        "type": "Hex High Entropy String",
        "filename": "src/jentic_one/migrations/registry/versions/a2b3c4d5e6f7_add_superseded_revision_id_to_overlays.py",
        "hashed_secret": "9613249fb063050a0474a5805cb101e071431641",
        "is_verified": false,
        "line_number": 16
      },
      {
        "type": "Hex High Entropy String",
        "filename": "src/jentic_one/migrations/registry/versions/a2b3c4d5e6f7_add_superseded_revision_id_to_overlays.py",
        "hashed_secret": "f5c78c30b92e06ec4a59cb0e653225254bbd5ece",
        "is_verified": false,
        "line_number": 17
      }
    ],
    "src/jentic_one/migrations/registry/versions/b0c1d2e3f4a5_add_notes_table.py": [
      {
        "type": "Hex High Entropy String",
        "filename": "src/jentic_one/migrations/registry/versions/b0c1d2e3f4a5_add_notes_table.py",
        "hashed_secret": "e2d724c4d0b0363207be5b4b03c33a481bec6c12",
        "is_verified": false,
        "line_number": 16
      },
      {
        "type": "Hex High Entropy String",
        "filename": "src/jentic_one/migrations/registry/versions/b0c1d2e3f4a5_add_notes_table.py",
        "hashed_secret": "53034143501b2edbc54146ea08e236a9c6898855",
        "is_verified": false,
        "line_number": 17
      }
    ],
    "src/jentic_one/migrations/registry/versions/b1c2d3e4f5a6_add_revisions_source_url_state_index.py": [
      {
        "type": "Hex High Entropy String",
        "filename": "src/jentic_one/migrations/registry/versions/b1c2d3e4f5a6_add_revisions_source_url_state_index.py",
        "hashed_secret": "67e71f59c479818d8d271427edeaee49eae77ffe",
        "is_verified": false,
        "line_number": 13
      },
      {
        "type": "Hex High Entropy String",
        "filename": "src/jentic_one/migrations/registry/versions/b1c2d3e4f5a6_add_revisions_source_url_state_index.py",
        "hashed_secret": "798f15d7097473291bfe213f0b07b3adde1730ce",
        "is_verified": false,
        "line_number": 14
      }
    ],
    "src/jentic_one/migrations/registry/versions/b2c3d4e5f6a7_add_search_embeddings.py": [
      {
        "type": "Hex High Entropy String",
        "filename": "src/jentic_one/migrations/registry/versions/b2c3d4e5f6a7_add_search_embeddings.py",
        "hashed_secret": "7277847a690bab70c1fbc5ab8eddbbcecdad996c",
        "is_verified": false,
        "line_number": 21
      },
      {
        "type": "Hex High Entropy String",
        "filename": "src/jentic_one/migrations/registry/versions/b2c3d4e5f6a7_add_search_embeddings.py",
        "hashed_secret": "ef678205593788329ff416ce5c65fa04f33a05bd",
        "is_verified": false,
        "line_number": 22
      }
    ],
    "src/jentic_one/migrations/registry/versions/b3c4d5e6f7a8_add_overlay_base_digest_and_notified_event_class.py": [
      {
        "type": "Hex High Entropy String",
        "filename": "src/jentic_one/migrations/registry/versions/b3c4d5e6f7a8_add_overlay_base_digest_and_notified_event_class.py",
        "hashed_secret": "e4524b9664eda0e2f847a49e46e5b226fc2245d9",
        "is_verified": false,
        "line_number": 14
      },
      {
        "type": "Hex High Entropy String",
        "filename": "src/jentic_one/migrations/registry/versions/b3c4d5e6f7a8_add_overlay_base_digest_and_notified_event_class.py",
        "hashed_secret": "9613249fb063050a0474a5805cb101e071431641",
        "is_verified": false,
        "line_number": 15
      }
    ],
    "src/jentic_one/migrations/registry/versions/c1d2e3f4a5b6_make_created_by_nullable.py": [
      {
        "type": "Hex High Entropy String",
        "filename": "src/jentic_one/migrations/registry/versions/c1d2e3f4a5b6_make_created_by_nullable.py",
        "hashed_secret": "6fc795a0feeba47c97070007c9b9f053ec490c2b",
        "is_verified": false,
        "line_number": 18
      },
      {
        "type": "Hex High Entropy String",
        "filename": "src/jentic_one/migrations/registry/versions/c1d2e3f4a5b6_make_created_by_nullable.py",
        "hashed_secret": "e2d724c4d0b0363207be5b4b03c33a481bec6c12",
        "is_verified": false,
        "line_number": 19
      }
    ],
    "src/jentic_one/migrations/registry/versions/c3d4e5f6a7b8_add_apis_created_at_id_index.py": [
      {
        "type": "Hex High Entropy String",
        "filename": "src/jentic_one/migrations/registry/versions/c3d4e5f6a7b8_add_apis_created_at_id_index.py",
        "hashed_secret": "5f54b82127fdf5d4704c3fa47ea6efb79f16f243",
        "is_verified": false,
        "line_number": 13
      },
      {
        "type": "Hex High Entropy String",
        "filename": "src/jentic_one/migrations/registry/versions/c3d4e5f6a7b8_add_apis_created_at_id_index.py",
        "hashed_secret": "7277847a690bab70c1fbc5ab8eddbbcecdad996c",
        "is_verified": false,
        "line_number": 14
      }
    ],
    "src/jentic_one/migrations/registry/versions/c4d5e6f7a8b9_add_catalog_update_snooze.py": [
      {
        "type": "Hex High Entropy String",
        "filename": "src/jentic_one/migrations/registry/versions/c4d5e6f7a8b9_add_catalog_update_snooze.py",
        "hashed_secret": "ceeb46597b474a1b71d009d35dbe2782f54ebe5c",
        "is_verified": false,
        "line_number": 14
      },
      {
        "type": "Hex High Entropy String",
        "filename": "src/jentic_one/migrations/registry/versions/c4d5e6f7a8b9_add_catalog_update_snooze.py",
        "hashed_secret": "e4524b9664eda0e2f847a49e46e5b226fc2245d9",
        "is_verified": false,
        "line_number": 15
      }
    ],
    "src/jentic_one/migrations/registry/versions/d3e4f5a6b7c8_add_catalog_update_checks_table.py": [
      {
        "type": "Hex High Entropy String",
        "filename": "src/jentic_one/migrations/registry/versions/d3e4f5a6b7c8_add_catalog_update_checks_table.py",
        "hashed_secret": "dcef2ed5c987677807031f50f5b15aee0527dfd3",
        "is_verified": false,
        "line_number": 16
      },
      {
        "type": "Hex High Entropy String",
        "filename": "src/jentic_one/migrations/registry/versions/d3e4f5a6b7c8_add_catalog_update_checks_table.py",
        "hashed_secret": "a25d3ab3a62142e06a5940fb9eac04c77bec7919",
        "is_verified": false,
        "line_number": 17
      }
    ],
    "src/jentic_one/migrations/registry/versions/d4e5f6a7b8c9_add_revision_pagination_index.py": [
      {
        "type": "Hex High Entropy String",
        "filename": "src/jentic_one/migrations/registry/versions/d4e5f6a7b8c9_add_revision_pagination_index.py",
        "hashed_secret": "9d7711abfa1f07e829f8ffd195f6679b8327ecf7",
        "is_verified": false,
        "line_number": 14
      },
      {
        "type": "Hex High Entropy String",
        "filename": "src/jentic_one/migrations/registry/versions/d4e5f6a7b8c9_add_revision_pagination_index.py",
        "hashed_secret": "5f54b82127fdf5d4704c3fa47ea6efb79f16f243",
        "is_verified": false,
        "line_number": 15
      }
    ],
    "src/jentic_one/migrations/registry/versions/d6e7f8a9b0c1_add_deprecated_reason_to_overlays.py": [
      {
        "type": "Hex High Entropy String",
        "filename": "src/jentic_one/migrations/registry/versions/d6e7f8a9b0c1_add_deprecated_reason_to_overlays.py",
        "hashed_secret": "5131f4849513642dfcd9d9a20123223584850684",
        "is_verified": false,
        "line_number": 14
      },
      {
        "type": "Hex High Entropy String",
        "filename": "src/jentic_one/migrations/registry/versions/d6e7f8a9b0c1_add_deprecated_reason_to_overlays.py",
        "hashed_secret": "ceeb46597b474a1b71d009d35dbe2782f54ebe5c",
        "is_verified": false,
        "line_number": 15
      }
    ],
    "src/jentic_one/migrations/registry/versions/e4f5a6b7c8d9_add_confirmed_revision_id_to_overlays.py": [
      {
        "type": "Hex High Entropy String",
        "filename": "src/jentic_one/migrations/registry/versions/e4f5a6b7c8d9_add_confirmed_revision_id_to_overlays.py",
        "hashed_secret": "352ca37d32189c412e3b8da658f206cbc086c427",
        "is_verified": false,
        "line_number": 16
      },
      {
        "type": "Hex High Entropy String",
        "filename": "src/jentic_one/migrations/registry/versions/e4f5a6b7c8d9_add_confirmed_revision_id_to_overlays.py",
        "hashed_secret": "dcef2ed5c987677807031f50f5b15aee0527dfd3",
        "is_verified": false,
        "line_number": 17
      }
    ],
    "src/jentic_one/migrations/registry/versions/e5f6a7b8c9d0_add_operations_pagination_index.py": [
      {
        "type": "Hex High Entropy String",
        "filename": "src/jentic_one/migrations/registry/versions/e5f6a7b8c9d0_add_operations_pagination_index.py",
        "hashed_secret": "5b8b7a611fb4d5665c9e428bee5e92a383344fd4",
        "is_verified": false,
        "line_number": 13
      },
      {
        "type": "Hex High Entropy String",
        "filename": "src/jentic_one/migrations/registry/versions/e5f6a7b8c9d0_add_operations_pagination_index.py",
        "hashed_secret": "9d7711abfa1f07e829f8ffd195f6679b8327ecf7",
        "is_verified": false,
        "line_number": 14
      }
    ],
    "src/jentic_one/migrations/registry/versions/f5a6b7c8d9e0_add_catalog_api_id_to_apis.py": [
      {
        "type": "Hex High Entropy String",
        "filename": "src/jentic_one/migrations/registry/versions/f5a6b7c8d9e0_add_catalog_api_id_to_apis.py",
        "hashed_secret": "f5c78c30b92e06ec4a59cb0e653225254bbd5ece",
        "is_verified": false,
        "line_number": 14
      },
      {
        "type": "Hex High Entropy String",
        "filename": "src/jentic_one/migrations/registry/versions/f5a6b7c8d9e0_add_catalog_api_id_to_apis.py",
        "hashed_secret": "352ca37d32189c412e3b8da658f206cbc086c427",
        "is_verified": false,
        "line_number": 15
      }
    ],
    "src/jentic_one/migrations/registry/versions/f6a7b8c9d0e1_add_overlays_table.py": [
      {
        "type": "Hex High Entropy String",
        "filename": "src/jentic_one/migrations/registry/versions/f6a7b8c9d0e1_add_overlays_table.py",
        "hashed_secret": "81b9ca8522e88e586b5db203d3135d5e5a1e6e4d",
        "is_verified": false,
        "line_number": 16
      },
      {
        "type": "Hex High Entropy String",
        "filename": "src/jentic_one/migrations/registry/versions/f6a7b8c9d0e1_add_overlays_table.py",
        "hashed_secret": "5b8b7a611fb4d5665c9e428bee5e92a383344fd4",
        "is_verified": false,
        "line_number": 17
      }
    ],
    "src/jentic_one/shared/auth/api_key_resolver.py": [
      {
        "type": "Secret Keyword",
        "filename": "src/jentic_one/shared/auth/api_key_resolver.py",
        "hashed_secret": "bd0cd33f183783219caf2c603df371572a72c764",
        "is_verified": false,
        "line_number": 22
      },
      {
        "type": "Secret Keyword",
        "filename": "src/jentic_one/shared/auth/api_key_resolver.py",
        "hashed_secret": "b64f1a38f6a8ec73c6df613faef91e4dda96a528",
        "is_verified": false,
        "line_number": 29
      }
    ],
    "src/jentic_one/shared/config.py": [
      {
        "type": "Hex High Entropy String",
        "filename": "src/jentic_one/shared/config.py",
        "hashed_secret": "b7253d49b2798f7a4c4c8b5a7fa5f8368b5e816a",
        "is_verified": false,
        "line_number": 573
      }
    ],
    "src/jentic_one/shared/models/audit.py": [
      {
        "type": "Secret Keyword",
        "filename": "src/jentic_one/shared/models/audit.py",
        "hashed_secret": "e6e95e8f237bacc73f0a8b38ec386e0394087783",
        "is_verified": false,
        "line_number": 35
      },
      {
        "type": "Secret Keyword",
        "filename": "src/jentic_one/shared/models/audit.py",
        "hashed_secret": "5227a37d3bf602e316b4ee2903749ace643ec023",
        "is_verified": false,
        "line_number": 36
      },
      {
        "type": "Secret Keyword",
        "filename": "src/jentic_one/shared/models/audit.py",
        "hashed_secret": "80691277888b561100aa8d519996984a47ac2c0f",
        "is_verified": false,
        "line_number": 37
      }
    ],
    "src/jentic_one/shared/models/credentials.py": [
      {
        "type": "Secret Keyword",
        "filename": "src/jentic_one/shared/models/credentials.py",
        "hashed_secret": "159500287c06851df741128ec4b073ea394414b6",
        "is_verified": false,
        "line_number": 9
      },
      {
        "type": "Secret Keyword",
        "filename": "src/jentic_one/shared/models/credentials.py",
        "hashed_secret": "665b1e3851eefefa3fb878654292f16597d25155",
        "is_verified": false,
        "line_number": 27
      }
    ],
    "src/jentic_one/shared/models/oauth_clients.py": [
      {
        "type": "Secret Keyword",
        "filename": "src/jentic_one/shared/models/oauth_clients.py",
        "hashed_secret": "976329cd96294cd98a9c69c492cbbfe4c453b7bc",
        "is_verified": false,
        "line_number": 18
      }
    ],
    "src/jentic_one/shared/web/auth.py": [
      {
        "type": "Secret Keyword",
        "filename": "src/jentic_one/shared/web/auth.py",
        "hashed_secret": "5b15c6b8be2934135be15967c397d234f91a6100",
        "is_verified": false,
        "line_number": 8
      }
    ],
    "tests/arch/test_openapi_conformance.py": [
      {
        "type": "Hex High Entropy String",
        "filename": "tests/arch/test_openapi_conformance.py",
        "hashed_secret": "e245efddad71dc7733745efe5a0fcc981c4bb229",
        "is_verified": false,
        "line_number": 56
      },
      {
        "type": "Hex High Entropy String",
        "filename": "tests/arch/test_openapi_conformance.py",
        "hashed_secret": "0bd0083b6a9a9ac52da571a019d3b4795aa93314",
        "is_verified": false,
        "line_number": 74
      },
      {
        "type": "Hex High Entropy String",
        "filename": "tests/arch/test_openapi_conformance.py",
        "hashed_secret": "6e7aad95c3a0f1ce3ffb29b1f0d7b822e8e55749",
        "is_verified": false,
        "line_number": 75
      }
    ],
    "tests/integration/admin/services/test_auth_service.py": [
      {
        "type": "Secret Keyword",
        "filename": "tests/integration/admin/services/test_auth_service.py",
        "hashed_secret": "8f496788bffe8b052feeb2c64bbf8e38bdaec69b",
        "is_verified": false,
        "line_number": 95
      },
      {
        "type": "Secret Keyword",
        "filename": "tests/integration/admin/services/test_auth_service.py",
        "hashed_secret": "6809ffccad03b80fa1fbc32c17e7e054805ec30b",
        "is_verified": false,
        "line_number": 107
      },
      {
        "type": "Secret Keyword",
        "filename": "tests/integration/admin/services/test_auth_service.py",
        "hashed_secret": "c5fe0200d1c7a5139bd18fd22268c4ca8bf45e90",
        "is_verified": false,
        "line_number": 113
      },
      {
        "type": "Secret Keyword",
        "filename": "tests/integration/admin/services/test_auth_service.py",
        "hashed_secret": "25ee155182070e75cdf5ae0d9cbc8452b4d06e2b",
        "is_verified": false,
        "line_number": 138
      },
      {
        "type": "Secret Keyword",
        "filename": "tests/integration/admin/services/test_auth_service.py",
        "hashed_secret": "4725ddefb004038eecf3c65850792ca9d404c447",
        "is_verified": false,
        "line_number": 317
      },
      {
        "type": "Secret Keyword",
        "filename": "tests/integration/admin/services/test_auth_service.py",
        "hashed_secret": "a4b48a81cdab1e1a5dd37907d6c85ca1c61ddc7c",
        "is_verified": false,
        "line_number": 335
      }
    ],
    "tests/integration/admin/test_phase4_drop_service_accounts.py": [
      {
        "type": "Secret Keyword",
        "filename": "tests/integration/admin/test_phase4_drop_service_accounts.py",
        "hashed_secret": "608454d08fb1202a36ff2f17aa6a502e7cad6a2e",
        "is_verified": false,
        "line_number": 603
      }
    ],
    "tests/integration/admin/test_user_lifecycle.py": [
      {
        "type": "Secret Keyword",
        "filename": "tests/integration/admin/test_user_lifecycle.py",
        "hashed_secret": "905d125d12295c57e4de6eef7dda19f79557527d",
        "is_verified": false,
        "line_number": 90
      },
      {
        "type": "Secret Keyword",
        "filename": "tests/integration/admin/test_user_lifecycle.py",
        "hashed_secret": "02357b718f372c6df6056d86564e1e9adb99f77d",
        "is_verified": false,
        "line_number": 104
      }
    ],
    "tests/integration/admin/test_user_secret_repository.py": [
      {
        "type": "Secret Keyword",
        "filename": "tests/integration/admin/test_user_secret_repository.py",
        "hashed_secret": "8911a1ef22f1dfd8cd71925c676afa4fb2959a12",
        "is_verified": false,
        "line_number": 52
      }
    ],
    "tests/integration/auth/seeds.py": [
      {
        "type": "Base64 High Entropy String",
        "filename": "tests/integration/auth/seeds.py",
        "hashed_secret": "1c417764b451bbedccdd6962ee5d113735fec0f6",
        "is_verified": false,
        "line_number": 31
      },
      {
        "type": "Secret Keyword",
        "filename": "tests/integration/auth/seeds.py",
        "hashed_secret": "abf7aad6438836dbe526aa231abde2d0eef74d42",
        "is_verified": false,
        "line_number": 55
      }
    ],
    "tests/integration/auth/test_local_login_flow.py": [
      {
        "type": "Secret Keyword",
        "filename": "tests/integration/auth/test_local_login_flow.py",
        "hashed_secret": "6809ffccad03b80fa1fbc32c17e7e054805ec30b",
        "is_verified": false,
        "line_number": 247
      }
    ],
    "tests/integration/conftest.py": [
      {
        "type": "Secret Keyword",
        "filename": "tests/integration/conftest.py",
        "hashed_secret": "f4bc54cbb2c9169457a70771dcdcf8e75aa816a9",
        "is_verified": false,
        "line_number": 60
      },
      {
        "type": "Secret Keyword",
        "filename": "tests/integration/conftest.py",
        "hashed_secret": "99075eb0baa8cfda1cae029da06b57b93cc13a31",
        "is_verified": false,
        "line_number": 69
      },
      {
        "type": "Secret Keyword",
        "filename": "tests/integration/conftest.py",
        "hashed_secret": "ffdbf67b6ec4759c53887c56108efe2ebe67b7bd",
        "is_verified": false,
        "line_number": 78
      }
    ],
    "tests/integration/control/test_credential_model.py": [
      {
        "type": "Secret Keyword",
        "filename": "tests/integration/control/test_credential_model.py",
        "hashed_secret": "e3de258032685ca3a157e704090921039ff7f0b3",
        "is_verified": false,
        "line_number": 130
      },
      {
        "type": "Secret Keyword",
        "filename": "tests/integration/control/test_credential_model.py",
        "hashed_secret": "8e124c4ac01fda228c80dd1db70716d19c87ee50",
        "is_verified": false,
        "line_number": 160
      },
      {
        "type": "Secret Keyword",
        "filename": "tests/integration/control/test_credential_model.py",
        "hashed_secret": "6e73fa93ee259385110c7917cfa477044cbb5dd3",
        "is_verified": false,
        "line_number": 198
      }
    ],
    "tests/integration/control/test_credential_service.py": [
      {
        "type": "Secret Keyword",
        "filename": "tests/integration/control/test_credential_service.py",
        "hashed_secret": "10797dadcfe91a7717765eb4de5d72523c07c57b",
        "is_verified": false,
        "line_number": 242
      },
      {
        "type": "Secret Keyword",
        "filename": "tests/integration/control/test_credential_service.py",
        "hashed_secret": "f8ff03d689377b44c1d02a53550e4c45eae9d7e5",
        "is_verified": false,
        "line_number": 263
      },
      {
        "type": "Secret Keyword",
        "filename": "tests/integration/control/test_credential_service.py",
        "hashed_secret": "737fef13039844222f1e085b00ba0d864a958382",
        "is_verified": false,
        "line_number": 296
      },
      {
        "type": "Secret Keyword",
        "filename": "tests/integration/control/test_credential_service.py",
        "hashed_secret": "e5e9fa1ba31ecd1ae84f75caaa474f3a663f05f4",
        "is_verified": false,
        "line_number": 321
      },
      {
        "type": "Secret Keyword",
        "filename": "tests/integration/control/test_credential_service.py",
        "hashed_secret": "6fe2eb99498ece6292d8d88bd296948d87c6c1ab",
        "is_verified": false,
        "line_number": 338
      },
      {
        "type": "Secret Keyword",
        "filename": "tests/integration/control/test_credential_service.py",
        "hashed_secret": "b78fb73cb8875663fd9f4cededa437f187daf7a6",
        "is_verified": false,
        "line_number": 354
      },
      {
        "type": "Secret Keyword",
        "filename": "tests/integration/control/test_credential_service.py",
        "hashed_secret": "089f2d7c3e3bc715036946840246d11af28635ff",
        "is_verified": false,
        "line_number": 457
      }
    ],
    "tests/integration/control/test_service_account_migration.py": [
      {
        "type": "Secret Keyword",
        "filename": "tests/integration/control/test_service_account_migration.py",
        "hashed_secret": "dd3c75a67374b7490c11951278074bc9f1461436",
        "is_verified": false,
        "line_number": 256
      },
      {
        "type": "Secret Keyword",
        "filename": "tests/integration/control/test_service_account_migration.py",
        "hashed_secret": "27f8e3e98e1379198e9251d31a003ef805a43f0e",
        "is_verified": false,
        "line_number": 346
      },
      {
        "type": "Secret Keyword",
        "filename": "tests/integration/control/test_service_account_migration.py",
        "hashed_secret": "a86d3961fac8b4ca78aad74e2b1e3edc5cdd1bc9",
        "is_verified": false,
        "line_number": 371
      },
      {
        "type": "Secret Keyword",
        "filename": "tests/integration/control/test_service_account_migration.py",
        "hashed_secret": "b477a0783b782106b1cff1563a17f611fa072348",
        "is_verified": false,
        "line_number": 477
      },
      {
        "type": "Secret Keyword",
        "filename": "tests/integration/control/test_service_account_migration.py",
        "hashed_secret": "3f6ba254fae96c22fcb61f5223e853881b458365",
        "is_verified": false,
        "line_number": 479
      },
      {
        "type": "Secret Keyword",
        "filename": "tests/integration/control/test_service_account_migration.py",
        "hashed_secret": "54eaf39884ffce2acc7699f6bccc9b5f1ff39e9e",
        "is_verified": false,
        "line_number": 532
      },
      {
        "type": "Secret Keyword",
        "filename": "tests/integration/control/test_service_account_migration.py",
        "hashed_secret": "4688ffdffcd56cad5db263ee0a6647b180dd9ad3",
        "is_verified": false,
        "line_number": 534
      },
      {
        "type": "Secret Keyword",
        "filename": "tests/integration/control/test_service_account_migration.py",
        "hashed_secret": "bb0f482b894b7da24aa383410c00ca332656b0e3",
        "is_verified": false,
        "line_number": 742
      },
      {
        "type": "Secret Keyword",
        "filename": "tests/integration/control/test_service_account_migration.py",
        "hashed_secret": "33b9d556ab7252ef97bf80af5773e6d2cfbcddbb",
        "is_verified": false,
        "line_number": 744
      },
      {
        "type": "Secret Keyword",
        "filename": "tests/integration/control/test_service_account_migration.py",
        "hashed_secret": "a15575103788ce016f1f15a1d7b9ba5d1ea9730a",
        "is_verified": false,
        "line_number": 896
      },
      {
        "type": "Secret Keyword",
        "filename": "tests/integration/control/test_service_account_migration.py",
        "hashed_secret": "67985a47d94982738efbdfa358ef526c52cbdd67",
        "is_verified": false,
        "line_number": 925
      },
      {
        "type": "Secret Keyword",
        "filename": "tests/integration/control/test_service_account_migration.py",
        "hashed_secret": "bd47307f6befce8c9dcedf5ce0fe3946f162f437",
        "is_verified": false,
        "line_number": 992
      },
      {
        "type": "Secret Keyword",
        "filename": "tests/integration/control/test_service_account_migration.py",
        "hashed_secret": "7d095aedc574ecd7d73e11b54f3086cc5ba7f2d9",
        "is_verified": false,
        "line_number": 1034
      },
      {
        "type": "Secret Keyword",
        "filename": "tests/integration/control/test_service_account_migration.py",
        "hashed_secret": "6af2b91198db031c83a67bdd7aeafa7bb8af5b15",
        "is_verified": false,
        "line_number": 1064
      },
      {
        "type": "Secret Keyword",
        "filename": "tests/integration/control/test_service_account_migration.py",
        "hashed_secret": "14b8c5d4f8e0f42b82d9aa4e11faa36e111c449f",
        "is_verified": false,
        "line_number": 1087
      },
      {
        "type": "Secret Keyword",
        "filename": "tests/integration/control/test_service_account_migration.py",
        "hashed_secret": "69dd3416d4fc453dd722e9ace77edeb2fc21e94a",
        "is_verified": false,
        "line_number": 1130
      },
      {
        "type": "Secret Keyword",
        "filename": "tests/integration/control/test_service_account_migration.py",
        "hashed_secret": "1a2650dfbfde0ce894c7240082c928880ea9a591",
        "is_verified": false,
        "line_number": 1163
      },
      {
        "type": "Secret Keyword",
        "filename": "tests/integration/control/test_service_account_migration.py",
        "hashed_secret": "83f1b322b6de606863ec275111df8c0f6c5bcd77",
        "is_verified": false,
        "line_number": 1207
      },
      {
        "type": "Secret Keyword",
        "filename": "tests/integration/control/test_service_account_migration.py",
        "hashed_secret": "7c561be835ef37eac8ac6b621a0a436198ff0f3e",
        "is_verified": false,
        "line_number": 1394
      },
      {
        "type": "Secret Keyword",
        "filename": "tests/integration/control/test_service_account_migration.py",
        "hashed_secret": "60258cc6e4dd36d687cb69e9a41ee14f2bc4822b",
        "is_verified": false,
        "line_number": 1462
      },
      {
        "type": "Secret Keyword",
        "filename": "tests/integration/control/test_service_account_migration.py",
        "hashed_secret": "907a5a0a6ca7f72e7323088b985a755052f90422",
        "is_verified": false,
        "line_number": 1498
      },
      {
        "type": "Secret Keyword",
        "filename": "tests/integration/control/test_service_account_migration.py",
        "hashed_secret": "e981546c98e29cd6e564bad6e8ed437020e955aa",
        "is_verified": false,
        "line_number": 1742
      },
      {
        "type": "Secret Keyword",
        "filename": "tests/integration/control/test_service_account_migration.py",
        "hashed_secret": "556ea3aad19ab99778db6715c3a7bebd78d853fe",
        "is_verified": false,
        "line_number": 1803
      },
      {
        "type": "Secret Keyword",
        "filename": "tests/integration/control/test_service_account_migration.py",
        "hashed_secret": "58b45622eecaab0356a9dec868c38b9284d763d2",
        "is_verified": false,
        "line_number": 1804
      },
      {
        "type": "Secret Keyword",
        "filename": "tests/integration/control/test_service_account_migration.py",
        "hashed_secret": "136c7a85b071a32a04257a96cd8539ead9452a54",
        "is_verified": false,
        "line_number": 1849
      },
      {
        "type": "Secret Keyword",
        "filename": "tests/integration/control/test_service_account_migration.py",
        "hashed_secret": "79433155341b3c504ba850b63da7edd2fae69d45",
        "is_verified": false,
        "line_number": 1855
      }
    ],
    "tests/integration/registry/core/schema/test_spec_files.py": [
      {
        "type": "Hex High Entropy String",
        "filename": "tests/integration/registry/core/schema/test_spec_files.py",
        "hashed_secret": "e4f91dd323bac5bfc4f60a6e433787671dc2421d",
        "is_verified": false,
        "line_number": 38
      }
    ],
    "tests/integration/registry/ingest/test_ingestor_openapi.py": [
      {
        "type": "Hex High Entropy String",
        "filename": "tests/integration/registry/ingest/test_ingestor_openapi.py",
        "hashed_secret": "90bd1b48e958257948487b90bee080ba5ed00caa",
        "is_verified": false,
        "line_number": 85
      }
    ],
    "tests/integration/shared/auth/test_verify.py": [
      {
        "type": "Secret Keyword",
        "filename": "tests/integration/shared/auth/test_verify.py",
        "hashed_secret": "fe1bae27cb7c1fb823f496f286e78f1d2ae87734",
        "is_verified": false,
        "line_number": 21
      }
    ],
    "tests/integration/test_context_lifecycle.py": [
      {
        "type": "Secret Keyword",
        "filename": "tests/integration/test_context_lifecycle.py",
        "hashed_secret": "a00c31676f3a1e78fd3f2e33bbe38940c2ce61c9",
        "is_verified": false,
        "line_number": 46
      }
    ],
    "tests/smoke/conftest.py": [
      {
        "type": "Secret Keyword",
        "filename": "tests/smoke/conftest.py",
        "hashed_secret": "1058fcce2f63360c06c8e64ad6b8d8299344141b",
        "is_verified": false,
        "line_number": 125
      },
      {
        "type": "Secret Keyword",
        "filename": "tests/smoke/conftest.py",
        "hashed_secret": "d91967648bb707daf0514683f28b78717469dbad",
        "is_verified": false,
        "line_number": 207
      }
    ],
    "tests/smoke/test_helm_render.py": [
      {
        "type": "Secret Keyword",
        "filename": "tests/smoke/test_helm_render.py",
        "hashed_secret": "b07031c0cd32a7ab66a761550bc392c84f637440",
        "is_verified": false,
        "line_number": 545
      },
      {
        "type": "Secret Keyword",
        "filename": "tests/smoke/test_helm_render.py",
        "hashed_secret": "f4dc8d7809f42fa1829625a98f5ae9e82eb84902",
        "is_verified": false,
        "line_number": 647
      },
      {
        "type": "Secret Keyword",
        "filename": "tests/smoke/test_helm_render.py",
        "hashed_secret": "5d622682c5da05d5965aa0be78086036992e1a81",
        "is_verified": false,
        "line_number": 648
      },
      {
        "type": "Secret Keyword",
        "filename": "tests/smoke/test_helm_render.py",
        "hashed_secret": "ab76452122af22aa9454e65f56a31e350ce0a2f2",
        "is_verified": false,
        "line_number": 761
      },
      {
        "type": "Secret Keyword",
        "filename": "tests/smoke/test_helm_render.py",
        "hashed_secret": "d5c4404044cb73858fd9bc2704532f1457a14419",
        "is_verified": false,
        "line_number": 763
      },
      {
        "type": "Base64 High Entropy String",
        "filename": "tests/smoke/test_helm_render.py",
        "hashed_secret": "6b36b4f50b1c9f2a049b96fa022a47593bf8b1e3",
        "is_verified": false,
        "line_number": 812
      },
      {
        "type": "Secret Keyword",
        "filename": "tests/smoke/test_helm_render.py",
        "hashed_secret": "b849b4aa245042218a21b0481464561140585c98",
        "is_verified": false,
        "line_number": 822
      }
    ],
    "tests/smoke/test_permissions.py": [
      {
        "type": "Secret Keyword",
        "filename": "tests/smoke/test_permissions.py",
        "hashed_secret": "fa445bde1af31cb1ccfee3f1c06cceb903930420",
        "is_verified": false,
        "line_number": 28
      }
    ],
    "tests/smoke/test_user_lifecycle.py": [
      {
        "type": "Secret Keyword",
        "filename": "tests/smoke/test_user_lifecycle.py",
        "hashed_secret": "45b742fc5658d8b3949363d1486ffc8279b471b8",
        "is_verified": false,
        "line_number": 16
      },
      {
        "type": "Secret Keyword",
        "filename": "tests/smoke/test_user_lifecycle.py",
        "hashed_secret": "3ade28140d425786f6423eb5b2d874ac3d2bc057",
        "is_verified": false,
        "line_number": 67
      }
    ],
    "tests/unit/admin/services/test_oauth_client_service.py": [
      {
        "type": "Secret Keyword",
        "filename": "tests/unit/admin/services/test_oauth_client_service.py",
        "hashed_secret": "2346ad27d7568ba9896f1b7da6b5991251debdf2",
        "is_verified": false,
        "line_number": 276
      },
      {
        "type": "Secret Keyword",
        "filename": "tests/unit/admin/services/test_oauth_client_service.py",
        "hashed_secret": "6318553899daae2941718c02508aeee938af1a1c",
        "is_verified": false,
        "line_number": 926
      }
    ],
    "tests/unit/auth/test_agent_jwks_access.py": [
      {
        "type": "Base64 High Entropy String",
        "filename": "tests/unit/auth/test_agent_jwks_access.py",
        "hashed_secret": "dee67f5ea3d3b2b47c2c5d5b9f025652b13ec557",
        "is_verified": false,
        "line_number": 25
      }
    ],
    "tests/unit/auth/test_authorize_service.py": [
      {
        "type": "Base64 High Entropy String",
        "filename": "tests/unit/auth/test_authorize_service.py",
        "hashed_secret": "c0eb1dc5057b4bc59b683c85f34d2f0545e85e46",
        "is_verified": false,
        "line_number": 12
      }
    ],
    "tests/unit/auth/test_id_token.py": [
      {
        "type": "Private Key",
        "filename": "tests/unit/auth/test_id_token.py",
        "hashed_secret": "1348b145fa1a555461c1b790a2f66614781091e9",
        "is_verified": false,
        "line_number": 14
      },
      {
        "type": "Base64 High Entropy String",
        "filename": "tests/unit/auth/test_id_token.py",
        "hashed_secret": "4d526e47c000f6e2d301188c764b6f8c27b8dee8",
        "is_verified": false,
        "line_number": 15
      },
      {
        "type": "Base64 High Entropy String",
        "filename": "tests/unit/auth/test_id_token.py",
        "hashed_secret": "caecca3879918e9ab9245eb3df1f9559bc2086ad",
        "is_verified": false,
        "line_number": 16
      },
      {
        "type": "Base64 High Entropy String",
        "filename": "tests/unit/auth/test_id_token.py",
        "hashed_secret": "b94aa43bbe660d486c142af6b93f4f17cfbfbe8b",
        "is_verified": false,
        "line_number": 17
      }
    ],
    "tests/unit/auth/test_jwks_cache.py": [
      {
        "type": "Private Key",
        "filename": "tests/unit/auth/test_jwks_cache.py",
        "hashed_secret": "1348b145fa1a555461c1b790a2f66614781091e9",
        "is_verified": false,
        "line_number": 13
      },
      {
        "type": "Base64 High Entropy String",
        "filename": "tests/unit/auth/test_jwks_cache.py",
        "hashed_secret": "4d526e47c000f6e2d301188c764b6f8c27b8dee8",
        "is_verified": false,
        "line_number": 14
      },
      {
        "type": "Base64 High Entropy String",
        "filename": "tests/unit/auth/test_jwks_cache.py",
        "hashed_secret": "caecca3879918e9ab9245eb3df1f9559bc2086ad",
        "is_verified": false,
        "line_number": 15
      },
      {
        "type": "Base64 High Entropy String",
        "filename": "tests/unit/auth/test_jwks_cache.py",
        "hashed_secret": "b94aa43bbe660d486c142af6b93f4f17cfbfbe8b",
        "is_verified": false,
        "line_number": 16
      },
      {
        "type": "Base64 High Entropy String",
        "filename": "tests/unit/auth/test_jwks_cache.py",
        "hashed_secret": "dee67f5ea3d3b2b47c2c5d5b9f025652b13ec557",
        "is_verified": false,
        "line_number": 26
      }
    ],
    "tests/unit/auth/web/test_authorize_approval_flow.py": [
      {
        "type": "Base64 High Entropy String",
        "filename": "tests/unit/auth/web/test_authorize_approval_flow.py",
        "hashed_secret": "af61ad46b6cd9e34e683e894976ded4441f2d9aa",
        "is_verified": false,
        "line_number": 37
      },
      {
        "type": "Secret Keyword",
        "filename": "tests/unit/auth/web/test_authorize_approval_flow.py",
        "hashed_secret": "e5e9fa1ba31ecd1ae84f75caaa474f3a663f05f4",
        "is_verified": false,
        "line_number": 43
      }
    ],
    "tests/unit/auth/web/test_authorize_awaiting_approval.py": [
      {
        "type": "Base64 High Entropy String",
        "filename": "tests/unit/auth/web/test_authorize_awaiting_approval.py",
        "hashed_secret": "af61ad46b6cd9e34e683e894976ded4441f2d9aa",
        "is_verified": false,
        "line_number": 28
      }
    ],
    "tests/unit/auth/web/test_authorize_midflow_gate.py": [
      {
        "type": "Secret Keyword",
        "filename": "tests/unit/auth/web/test_authorize_midflow_gate.py",
        "hashed_secret": "e73fadce7e0c6c304fe30de90ddb8e4f7502747d",
        "is_verified": false,
        "line_number": 30
      }
    ],
    "tests/unit/auth/web/test_authorize_router.py": [
      {
        "type": "Secret Keyword",
        "filename": "tests/unit/auth/web/test_authorize_router.py",
        "hashed_secret": "d4e0e04792fd434b5dc9c4155c178f66edcf4ed3",
        "is_verified": false,
        "line_number": 23
      }
    ],
    "tests/unit/auth/web/test_consent_agent_create.py": [
      {
        "type": "Secret Keyword",
        "filename": "tests/unit/auth/web/test_consent_agent_create.py",
        "hashed_secret": "1a8d32f11d054ac7ca65aa549e20ba4dae7b8f6a",
        "is_verified": false,
        "line_number": 47
      }
    ],
    "tests/unit/auth/web/test_consent_agent_picker.py": [
      {
        "type": "Secret Keyword",
        "filename": "tests/unit/auth/web/test_consent_agent_picker.py",
        "hashed_secret": "b5ad5414881a5d6e8517ab8a46a0bef3f8069d6f",
        "is_verified": false,
        "line_number": 29
      }
    ],
    "tests/unit/auth/web/test_consent_verification.py": [
      {
        "type": "Secret Keyword",
        "filename": "tests/unit/auth/web/test_consent_verification.py",
        "hashed_secret": "ab3cbb4461d8acc2ec6a17356c29e07ed0c5def4",
        "is_verified": false,
        "line_number": 16
      }
    ],
    "tests/unit/auth/web/test_discovery_jwks.py": [
      {
        "type": "Private Key",
        "filename": "tests/unit/auth/web/test_discovery_jwks.py",
        "hashed_secret": "1348b145fa1a555461c1b790a2f66614781091e9",
        "is_verified": false,
        "line_number": 16
      },
      {
        "type": "Base64 High Entropy String",
        "filename": "tests/unit/auth/web/test_discovery_jwks.py",
        "hashed_secret": "4d526e47c000f6e2d301188c764b6f8c27b8dee8",
        "is_verified": false,
        "line_number": 17
      },
      {
        "type": "Base64 High Entropy String",
        "filename": "tests/unit/auth/web/test_discovery_jwks.py",
        "hashed_secret": "caecca3879918e9ab9245eb3df1f9559bc2086ad",
        "is_verified": false,
        "line_number": 18
      },
      {
        "type": "Base64 High Entropy String",
        "filename": "tests/unit/auth/web/test_discovery_jwks.py",
        "hashed_secret": "b94aa43bbe660d486c142af6b93f4f17cfbfbe8b",
        "is_verified": false,
        "line_number": 19
      }
    ],
    "tests/unit/auth/web/test_local_login_router.py": [
      {
        "type": "Secret Keyword",
        "filename": "tests/unit/auth/web/test_local_login_router.py",
        "hashed_secret": "caf0d17c389dd10b0d676d286e43e0f3a8c8a4ef",
        "is_verified": false,
        "line_number": 45
      },
      {
        "type": "Secret Keyword",
        "filename": "tests/unit/auth/web/test_local_login_router.py",
        "hashed_secret": "1a91d62f7ca67399625a4368a6ab5d4a3baa6073",
        "is_verified": false,
        "line_number": 334
      },
      {
        "type": "Secret Keyword",
        "filename": "tests/unit/auth/web/test_local_login_router.py",
        "hashed_secret": "a4b48a81cdab1e1a5dd37907d6c85ca1c61ddc7c",
        "is_verified": false,
        "line_number": 364
      },
      {
        "type": "Secret Keyword",
        "filename": "tests/unit/auth/web/test_local_login_router.py",
        "hashed_secret": "1902e3d6fc4e78a0bcc50ba12b882769afbf4a8c",
        "is_verified": false,
        "line_number": 389
      },
      {
        "type": "Secret Keyword",
        "filename": "tests/unit/auth/web/test_local_login_router.py",
        "hashed_secret": "3179a65eff2523bbde53c99b299b719c10a35235",
        "is_verified": false,
        "line_number": 419
      }
    ],
    "tests/unit/auth/web/test_oauth_auth_code.py": [
      {
        "type": "Secret Keyword",
        "filename": "tests/unit/auth/web/test_oauth_auth_code.py",
        "hashed_secret": "0b7c1dbbf556a11d7627cd8c3fd8f7986bc86675",
        "is_verified": false,
        "line_number": 116
      }
    ],
    "tests/unit/auth/web/test_oauth_token_error_dialect.py": [
      {
        "type": "Secret Keyword",
        "filename": "tests/unit/auth/web/test_oauth_token_error_dialect.py",
        "hashed_secret": "4b0fa1dc9ae271edd6703333714ba3c44ef99389",
        "is_verified": false,
        "line_number": 103
      }
    ],
    "tests/unit/broker/test_execute_credential_name.py": [
      {
        "type": "Secret Keyword",
        "filename": "tests/unit/broker/test_execute_credential_name.py",
        "hashed_secret": "277fd76456880437641f76de1bfa6d7ef61ae861",
        "is_verified": false,
        "line_number": 57
      }
    ],
    "tests/unit/broker/test_http_runner.py": [
      {
        "type": "Secret Keyword",
        "filename": "tests/unit/broker/test_http_runner.py",
        "hashed_secret": "a92fa7efb9cee3bdef42311f0428458556ad42c6",
        "is_verified": false,
        "line_number": 96
      }
    ],
    "tests/unit/broker/test_injection.py": [
      {
        "type": "Secret Keyword",
        "filename": "tests/unit/broker/test_injection.py",
        "hashed_secret": "67f305e585d4a961a2f95fd90f00764dcc4f40d1",
        "is_verified": false,
        "line_number": 32
      },
      {
        "type": "Secret Keyword",
        "filename": "tests/unit/broker/test_injection.py",
        "hashed_secret": "1cbafcc4fe333585c13326ea59a9e4899f8e2a9b",
        "is_verified": false,
        "line_number": 49
      },
      {
        "type": "Secret Keyword",
        "filename": "tests/unit/broker/test_injection.py",
        "hashed_secret": "d46a14d2dbb410dba2256ea0a2aa26643f188a8a",
        "is_verified": false,
        "line_number": 68
      },
      {
        "type": "Secret Keyword",
        "filename": "tests/unit/broker/test_injection.py",
        "hashed_secret": "8c7744f38b499dd8e3caf26494c87ad772dcaf25",
        "is_verified": false,
        "line_number": 77
      },
      {
        "type": "Secret Keyword",
        "filename": "tests/unit/broker/test_injection.py",
        "hashed_secret": "88136b94ad02c408ab58d0d27d81460dbc879b20",
        "is_verified": false,
        "line_number": 109
      },
      {
        "type": "Secret Keyword",
        "filename": "tests/unit/broker/test_injection.py",
        "hashed_secret": "de688f213a1f652335fd6075e8618ffa7f26720f",
        "is_verified": false,
        "line_number": 184
      },
      {
        "type": "Secret Keyword",
        "filename": "tests/unit/broker/test_injection.py",
        "hashed_secret": "a2a178c326b462b6244ff676245be9e55b24b001",
        "is_verified": false,
        "line_number": 198
      }
    ],
    "tests/unit/broker/test_resolver.py": [
      {
        "type": "Secret Keyword",
        "filename": "tests/unit/broker/test_resolver.py",
        "hashed_secret": "e04133b15878189a4e6286d663fe9cd6efae44da",
        "is_verified": false,
        "line_number": 84
      },
      {
        "type": "Secret Keyword",
        "filename": "tests/unit/broker/test_resolver.py",
        "hashed_secret": "5b4c85b89922f2b5abe04d69f4795408ec41b2a6",
        "is_verified": false,
        "line_number": 109
      },
      {
        "type": "Secret Keyword",
        "filename": "tests/unit/broker/test_resolver.py",
        "hashed_secret": "c346f766f6b424c3f23b40bfbaaa0cc07134ed6c",
        "is_verified": false,
        "line_number": 119
      }
    ],
    "tests/unit/conftest.py": [
      {
        "type": "Secret Keyword",
        "filename": "tests/unit/conftest.py",
        "hashed_secret": "d7472dd3a4f1e472d7f4eb0a499298e5accb19f0",
        "is_verified": false,
        "line_number": 38
      },
      {
        "type": "Secret Keyword",
        "filename": "tests/unit/conftest.py",
        "hashed_secret": "d2a0968431c76a9660ef306a79d423a6ce660cfd",
        "is_verified": false,
        "line_number": 47
      },
      {
        "type": "Secret Keyword",
        "filename": "tests/unit/conftest.py",
        "hashed_secret": "4d0de386277ac5885097d9975af5228613579881",
        "is_verified": false,
        "line_number": 56
      }
    ],
    "tests/unit/control/credentials/test_config_providers.py": [
      {
        "type": "Secret Keyword",
        "filename": "tests/unit/control/credentials/test_config_providers.py",
        "hashed_secret": "e5d3db477707ed7e063c4cc9f87449633c3337c4",
        "is_verified": false,
        "line_number": 64
      }
    ],
    "tests/unit/control/credentials/test_managed_create_schema.py": [
      {
        "type": "Secret Keyword",
        "filename": "tests/unit/control/credentials/test_managed_create_schema.py",
        "hashed_secret": "e5e9fa1ba31ecd1ae84f75caaa474f3a663f05f4",
        "is_verified": false,
        "line_number": 56
      },
      {
        "type": "Secret Keyword",
        "filename": "tests/unit/control/credentials/test_managed_create_schema.py",
        "hashed_secret": "7585d1f7ceb90fd0b1ab42d0a6ca39fcf55065c7",
        "is_verified": false,
        "line_number": 149
      }
    ],
    "tests/unit/control/credentials/test_state.py": [
      {
        "type": "Secret Keyword",
        "filename": "tests/unit/control/credentials/test_state.py",
        "hashed_secret": "23fa663d92d16c923edb299d8b1d4c277e3efb14",
        "is_verified": false,
        "line_number": 19
      }
    ],
    "tests/unit/control/web/test_credential_schema_control_chars.py": [
      {
        "type": "Secret Keyword",
        "filename": "tests/unit/control/web/test_credential_schema_control_chars.py",
        "hashed_secret": "66ee01e60adf9c17762f40e043613c74ba62e8d6",
        "is_verified": false,
        "line_number": 25
      },
      {
        "type": "Secret Keyword",
        "filename": "tests/unit/control/web/test_credential_schema_control_chars.py",
        "hashed_secret": "766a6e8998aefe2117d62c2d48411e43161ffa11",
        "is_verified": false,
        "line_number": 45
      }
    ],
    "tests/unit/mcp/test_dispatch_unexpected_failure.py": [
      {
        "type": "Secret Keyword",
        "filename": "tests/unit/mcp/test_dispatch_unexpected_failure.py",
        "hashed_secret": "d394e82dc6832d61415c4047bb3c380254aa4ba8",
        "is_verified": false,
        "line_number": 24
      }
    ],
    "tests/unit/registry/core/test_server_hosts.py": [
      {
        "type": "Basic Auth Credentials",
        "filename": "tests/unit/registry/core/test_server_hosts.py",
        "hashed_secret": "1a91d62f7ca67399625a4368a6ab5d4a3baa6073",
        "is_verified": false,
        "line_number": 74
      }
    ],
    "tests/unit/shared/test_instance_identity.py": [
      {
        "type": "Basic Auth Credentials",
        "filename": "tests/unit/shared/test_instance_identity.py",
        "hashed_secret": "e5e9fa1ba31ecd1ae84f75caaa474f3a663f05f4",
        "is_verified": false,
        "line_number": 187
      }
    ],
    "tests/unit/shared/test_sigv4.py": [
      {
        "type": "Hex High Entropy String",
        "filename": "tests/unit/shared/test_sigv4.py",
        "hashed_secret": "bcf376ae709deeae71b75e217cb51ed1d3047991",
        "is_verified": false,
        "line_number": 38
      }
    ],
    "tests/unit/shared/web/test_validation_error_handler.py": [
      {
        "type": "Secret Keyword",
        "filename": "tests/unit/shared/web/test_validation_error_handler.py",
        "hashed_secret": "83aa3b8dabf2e7b854cd525649a8fd155bf31e16",
        "is_verified": false,
        "line_number": 34
      }
    ],
    "tests/unit/test_config.py": [
      {
        "type": "Secret Keyword",
        "filename": "tests/unit/test_config.py",
        "hashed_secret": "9a1d1e0d0f89e3e8d4e57abcc65df298fe01a90d",
        "is_verified": false,
        "line_number": 376
      },
      {
        "type": "Secret Keyword",
        "filename": "tests/unit/test_config.py",
        "hashed_secret": "16daf24960c241813d49d139a01e81196e779aef",
        "is_verified": false,
        "line_number": 378
      },
      {
        "type": "Secret Keyword",
        "filename": "tests/unit/test_config.py",
        "hashed_secret": "9466c8f98b1963f4d238d266ab31a266e17219b2",
        "is_verified": false,
        "line_number": 430
      },
      {
        "type": "Private Key",
        "filename": "tests/unit/test_config.py",
        "hashed_secret": "f0778f3e140a61d5bbbed5430773e52af2f5fba4",
        "is_verified": false,
        "line_number": 467
      },
      {
        "type": "Private Key",
        "filename": "tests/unit/test_config.py",
        "hashed_secret": "1348b145fa1a555461c1b790a2f66614781091e9",
        "is_verified": false,
        "line_number": 474
      },
      {
        "type": "Secret Keyword",
        "filename": "tests/unit/test_config.py",
        "hashed_secret": "5ffe533b830f08a0326348a9160afafc8ada44db",
        "is_verified": false,
        "line_number": 520
      },
      {
        "type": "Basic Auth Credentials",
        "filename": "tests/unit/test_config.py",
        "hashed_secret": "1a91d62f7ca67399625a4368a6ab5d4a3baa6073",
        "is_verified": false,
        "line_number": 1258
      }
    ],
    "tests/unit/test_migration_theme8_sa_stamp.py": [
      {
        "type": "Hex High Entropy String",
        "filename": "tests/unit/test_migration_theme8_sa_stamp.py",
        "hashed_secret": "38197faf61a916dc86dd604c134c093d5161e882",
        "is_verified": false,
        "line_number": 25
      }
    ],
    "tests/unit/test_tracing.py": [
      {
        "type": "Secret Keyword",
        "filename": "tests/unit/test_tracing.py",
        "hashed_secret": "5e770770440bfe12c7d9bb70ce51c2ad0c54c4ec",
        "is_verified": false,
        "line_number": 306
      },
      {
        "type": "Secret Keyword",
        "filename": "tests/unit/test_tracing.py",
        "hashed_secret": "2f60fe88144c8d9efdf9980bd637a43203905dfd",
        "is_verified": false,
        "line_number": 307
      }
    ],
    "tests/web/admin/conftest.py": [
      {
        "type": "Secret Keyword",
        "filename": "tests/web/admin/conftest.py",
        "hashed_secret": "a79425d5dfc9cb6e5ed85fa44bf4d63d73e6a5b8",
        "is_verified": false,
        "line_number": 31
      }
    ],
    "tests/web/admin/test_auth.py": [
      {
        "type": "Secret Keyword",
        "filename": "tests/web/admin/test_auth.py",
        "hashed_secret": "6809ffccad03b80fa1fbc32c17e7e054805ec30b",
        "is_verified": false,
        "line_number": 45
      },
      {
        "type": "Secret Keyword",
        "filename": "tests/web/admin/test_auth.py",
        "hashed_secret": "c5fe0200d1c7a5139bd18fd22268c4ca8bf45e90",
        "is_verified": false,
        "line_number": 53
      },
      {
        "type": "Secret Keyword",
        "filename": "tests/web/admin/test_auth.py",
        "hashed_secret": "cd7f997f39facde689902d239ee22fcc73aa489a",
        "is_verified": false,
        "line_number": 74
      },
      {
        "type": "Secret Keyword",
        "filename": "tests/web/admin/test_auth.py",
        "hashed_secret": "a4b48a81cdab1e1a5dd37907d6c85ca1c61ddc7c",
        "is_verified": false,
        "line_number": 100
      },
      {
        "type": "Secret Keyword",
        "filename": "tests/web/admin/test_auth.py",
        "hashed_secret": "a0f4ea7d91495df92bbac2e2149dfb850fe81396",
        "is_verified": false,
        "line_number": 109
      },
      {
        "type": "Secret Keyword",
        "filename": "tests/web/admin/test_auth.py",
        "hashed_secret": "9703ab8d7154e7f459ef0ee50d99f5aaf357bb44",
        "is_verified": false,
        "line_number": 118
      }
    ],
    "tests/web/conftest.py": [
      {
        "type": "Secret Keyword",
        "filename": "tests/web/conftest.py",
        "hashed_secret": "f4bc54cbb2c9169457a70771dcdcf8e75aa816a9",
        "is_verified": false,
        "line_number": 71
      },
      {
        "type": "Secret Keyword",
        "filename": "tests/web/conftest.py",
        "hashed_secret": "99075eb0baa8cfda1cae029da06b57b93cc13a31",
        "is_verified": false,
        "line_number": 80
      },
      {
        "type": "Secret Keyword",
        "filename": "tests/web/conftest.py",
        "hashed_secret": "ffdbf67b6ec4759c53887c56108efe2ebe67b7bd",
        "is_verified": false,
        "line_number": 89
      }
    ],
    "tests/web/control/test_credentials.py": [
      {
        "type": "Secret Keyword",
        "filename": "tests/web/control/test_credentials.py",
        "hashed_secret": "5a22d03a3a0988b8bd98d9a1fe374b6f8793a6b7",
        "is_verified": false,
        "line_number": 114
      }
    ],
    "trivy-secret.yaml": [
      {
        "type": "Base64 High Entropy String",
        "filename": "trivy-secret.yaml",
        "hashed_secret": "af100339c169d3c928ff6798c3320a4a8aa5f81e",
        "is_verified": false,
        "line_number": 11
      }
    ],
    "ui/openapi.json": [
      {
        "type": "Base64 High Entropy String",
        "filename": "ui/openapi.json",
        "hashed_secret": "dee67f5ea3d3b2b47c2c5d5b9f025652b13ec557",
        "is_verified": false,
        "line_number": 7460
      }
    ],
    "ui/public/mockServiceWorker.js": [
      {
        "type": "Hex High Entropy String",
        "filename": "ui/public/mockServiceWorker.js",
        "hashed_secret": "4f1dadf6d082244ae74673641b1c8311e64411a3",
        "is_verified": false,
        "line_number": 11
      }
    ],
    "ui/src/modules/agents/__tests__/routes.test.tsx": [
      {
        "type": "Base64 High Entropy String",
        "filename": "ui/src/modules/agents/__tests__/routes.test.tsx",
        "hashed_secret": "9abab0acfd2ee1e5f3b0c6670b541c4ebab182cb",
        "is_verified": false,
        "line_number": 48
      }
    ],
    "ui/src/modules/agents/lib/apiTiles.ts": [
      {
        "type": "Secret Keyword",
        "filename": "ui/src/modules/agents/lib/apiTiles.ts",
        "hashed_secret": "cf678cab87dc1f7d1b95b964f15375e088461679",
        "is_verified": false,
        "line_number": 49
      }
    ],
    "ui/src/modules/monitor/lib/describeAudit.ts": [
      {
        "type": "Secret Keyword",
        "filename": "ui/src/modules/monitor/lib/describeAudit.ts",
        "hashed_secret": "5ad19841d33ed93afb82da9add503fc4911296ab",
        "is_verified": false,
        "line_number": 44
      },
      {
        "type": "Secret Keyword",
        "filename": "ui/src/modules/monitor/lib/describeAudit.ts",
        "hashed_secret": "d1198518ec9515dd1137a8333cbf28985cea62ce",
        "is_verified": false,
        "line_number": 45
      },
      {
        "type": "Secret Keyword",
        "filename": "ui/src/modules/monitor/lib/describeAudit.ts",
        "hashed_secret": "750c50729afc2e51db66f1e838873acd0f918b7f",
        "is_verified": false,
        "line_number": 46
      }
    ],
    "ui/src/modules/settings/mocks/handlers.ts": [
      {
        "type": "Secret Keyword",
        "filename": "ui/src/modules/settings/mocks/handlers.ts",
        "hashed_secret": "174370dab21ffc7e4493d1f9b56305d50f8b70dd",
        "is_verified": false,
        "line_number": 399
      }
    ],
    "ui/src/shared/api/generated/models/CredentialType.ts": [
      {
        "type": "Secret Keyword",
        "filename": "ui/src/shared/api/generated/models/CredentialType.ts",
        "hashed_secret": "665b1e3851eefefa3fb878654292f16597d25155",
        "is_verified": false,
        "line_number": 10
      }
    ],
    "ui/src/shared/api/generated/models/OAuthClientCreateRequest.ts": [
      {
        "type": "Secret Keyword",
        "filename": "ui/src/shared/api/generated/models/OAuthClientCreateRequest.ts",
        "hashed_secret": "976329cd96294cd98a9c69c492cbbfe4c453b7bc",
        "is_verified": false,
        "line_number": 50
      }
    ],
    "ui/src/shared/credentials/README.md": [
      {
        "type": "Secret Keyword",
        "filename": "ui/src/shared/credentials/README.md",
        "hashed_secret": "4e24724b49682eef4c869c08af2ba473f3b6f839",
        "is_verified": false,
        "line_number": 78
      }
    ],
    "ui/src/shared/credentials/__tests__/formBody.test.ts": [
      {
        "type": "Secret Keyword",
        "filename": "ui/src/shared/credentials/__tests__/formBody.test.ts",
        "hashed_secret": "e5e9fa1ba31ecd1ae84f75caaa474f3a663f05f4",
        "is_verified": false,
        "line_number": 71
      },
      {
        "type": "Secret Keyword",
        "filename": "ui/src/shared/credentials/__tests__/formBody.test.ts",
        "hashed_secret": "0c731a5f1dc781894b434c27b9f6a9cd9d9bdfcb",
        "is_verified": false,
        "line_number": 137
      },
      {
        "type": "Secret Keyword",
        "filename": "ui/src/shared/credentials/__tests__/formBody.test.ts",
        "hashed_secret": "bd66a10f34934a079686639a5b287d8dad8d1c4c",
        "is_verified": false,
        "line_number": 221
      }
    ],
    "ui/src/shared/credentials/api/types.ts": [
      {
        "type": "Secret Keyword",
        "filename": "ui/src/shared/credentials/api/types.ts",
        "hashed_secret": "cf678cab87dc1f7d1b95b964f15375e088461679",
        "is_verified": false,
        "line_number": 123
      },
      {
        "type": "Secret Keyword",
        "filename": "ui/src/shared/credentials/api/types.ts",
        "hashed_secret": "a84142d666a75de9e6315889e86c2722adef88bc",
        "is_verified": false,
        "line_number": 133
      }
    ],
    "ui/src/shared/credentials/lib/formBody.ts": [
      {
        "type": "Secret Keyword",
        "filename": "ui/src/shared/credentials/lib/formBody.ts",
        "hashed_secret": "99234bc23431a0935499b2ff12e249fbde4bfa08",
        "is_verified": false,
        "line_number": 252
      },
      {
        "type": "Secret Keyword",
        "filename": "ui/src/shared/credentials/lib/formBody.ts",
        "hashed_secret": "80792cd49faef85e000402528add5458c97b6b02",
        "is_verified": false,
        "line_number": 260
      },
      {
        "type": "Secret Keyword",
        "filename": "ui/src/shared/credentials/lib/formBody.ts",
        "hashed_secret": "a2d470c106d8b7399f115116669c505264d26b07",
        "is_verified": false,
        "line_number": 291
      }
    ],
    "ui/src/shared/credentials/lib/schemes.ts": [
      {
        "type": "Secret Keyword",
        "filename": "ui/src/shared/credentials/lib/schemes.ts",
        "hashed_secret": "47acd2028cf81b5da88ddeedb2aea4eca4b71fbd",
        "is_verified": false,
        "line_number": 44
      },
      {
        "type": "Secret Keyword",
        "filename": "ui/src/shared/credentials/lib/schemes.ts",
        "hashed_secret": "9d4621a1cf96ec20a1e9dc59b21e9a8e3359c32d",
        "is_verified": false,
        "line_number": 142
      },
      {
        "type": "Secret Keyword",
        "filename": "ui/src/shared/credentials/lib/schemes.ts",
        "hashed_secret": "5baa61e4c9b93f3f0682250b6cf8331b7ee68fd8",
        "is_verified": false,
        "line_number": 152
      }
    ]
  },
  "generated_at": "2026-10-05T11:40:28Z"
}
